#-----------------------------------------------------------
# Vivado v2023.2 (64-bit)
# SW Build 4029153 on Fri Oct 13 20:14:34 MDT 2023
# IP Build 4028589 on Sat Oct 14 00:45:43 MDT 2023
# SharedData Build 4025554 on Tue Oct 10 17:18:54 MDT 2023
# Start of session at: Fri Aug 14 22:26:59 2026
# Process ID: 7904
# Current directory: C:/Users/routk/Downloads/clock_gated_mac_array/vivado_synth/baseline
# Command line: vivado.exe -mode batch -source run_synth.tcl -nojournal -log vivado_run.log
# Log file: C:/Users/routk/Downloads/clock_gated_mac_array/vivado_synth/baseline/vivado_run.log
# Journal file: 
# Running On: SHANI007, OS: Windows, CPU Frequency: 2595 MHz, CPU Physical cores: 4, Host memory: 14972 MB
#-----------------------------------------------------------
source run_synth.tcl
# set outdir "C:/Users/routk/Downloads/clock_gated_mac_array/vivado_synth/baseline"
# set rtl    "C:/Users/routk/Downloads/clock_gated_mac_array/rtl"
# read_verilog -sv [list \
#     "$rtl/completion_aware_gate.v" \
#     "$rtl/pipelined_mac.v" \
#     "$rtl/adder_tree_stage.v" \
#     "$rtl/mac_array_and_cascade_top.v" \
# ]
WARNING: [Board 49-55] Pin file C:/Xilinx/Vivado/2023.2/data/boards/board_files/genesys-2/part0_pins.xml is not available
CRITICAL WARNING: [Board 49-56] Problem parsing board file - C:/Xilinx/Vivado/2023.2/data/boards/board_files/genesys-2/board.xml.
Resolution: Please contact your board vendor with this message.
read_verilog: Time (s): cpu = 00:00:11 ; elapsed = 00:00:29 . Memory (MB): peak = 499.824 ; gain = 218.609
# synth_design -top mac_cascade_top -part xc7k160tffg676-2 -mode out_of_context
Command: synth_design -top mac_cascade_top -part xc7k160tffg676-2 -mode out_of_context
Starting synth_design
Attempting to get a license for feature 'Synthesis' and/or device 'xc7k160t'
INFO: [Common 17-349] Got license for feature 'Synthesis' and/or device 'xc7k160t'
INFO: [Synth 8-7079] Multithreading enabled for synth_design using a maximum of 2 processes.
INFO: [Synth 8-7078] Launching helper process for spawning children vivado processes
INFO: [Synth 8-7075] Helper process launched with PID 17128
---------------------------------------------------------------------------------
Starting Synthesize : Time (s): cpu = 00:00:09 ; elapsed = 00:00:20 . Memory (MB): peak = 943.863 ; gain = 440.055
---------------------------------------------------------------------------------
INFO: [Synth 8-6157] synthesizing module 'mac_cascade_top' [C:/Users/routk/Downloads/clock_gated_mac_array/rtl/mac_array_and_cascade_top.v:60]
INFO: [Synth 8-6157] synthesizing module 'mac_array_custom' [C:/Users/routk/Downloads/clock_gated_mac_array/rtl/mac_array_and_cascade_top.v:8]
	Parameter DATA_WIDTH bound to: 16 - type: integer 
	Parameter NUM_MACS bound to: 8 - type: integer 
INFO: [Synth 8-6157] synthesizing module 'pipelined_mac' [C:/Users/routk/Downloads/clock_gated_mac_array/rtl/pipelined_mac.v:12]
	Parameter DATA_WIDTH bound to: 16 - type: integer 
INFO: [Synth 8-6157] synthesizing module 'completion_aware_gate' [C:/Users/routk/Downloads/clock_gated_mac_array/rtl/completion_aware_gate.v:30]
	Parameter DRAIN_DEPTH bound to: 2 - type: integer 
INFO: [Synth 8-6155] done synthesizing module 'completion_aware_gate' (0#1) [C:/Users/routk/Downloads/clock_gated_mac_array/rtl/completion_aware_gate.v:30]
INFO: [Synth 8-6155] done synthesizing module 'pipelined_mac' (0#1) [C:/Users/routk/Downloads/clock_gated_mac_array/rtl/pipelined_mac.v:12]
INFO: [Synth 8-6155] done synthesizing module 'mac_array_custom' (0#1) [C:/Users/routk/Downloads/clock_gated_mac_array/rtl/mac_array_and_cascade_top.v:8]
INFO: [Synth 8-6157] synthesizing module 'adder_tree_stage' [C:/Users/routk/Downloads/clock_gated_mac_array/rtl/adder_tree_stage.v:17]
	Parameter DATA_WIDTH bound to: 16 - type: integer 
	Parameter NUM_MACS bound to: 8 - type: integer 
INFO: [Synth 8-6157] synthesizing module 'completion_aware_gate__parameterized0' [C:/Users/routk/Downloads/clock_gated_mac_array/rtl/completion_aware_gate.v:30]
	Parameter DRAIN_DEPTH bound to: 3 - type: integer 
INFO: [Synth 8-6155] done synthesizing module 'completion_aware_gate__parameterized0' (0#1) [C:/Users/routk/Downloads/clock_gated_mac_array/rtl/completion_aware_gate.v:30]
INFO: [Synth 8-6155] done synthesizing module 'adder_tree_stage' (0#1) [C:/Users/routk/Downloads/clock_gated_mac_array/rtl/adder_tree_stage.v:17]
INFO: [Synth 8-6155] done synthesizing module 'mac_cascade_top' (0#1) [C:/Users/routk/Downloads/clock_gated_mac_array/rtl/mac_array_and_cascade_top.v:60]
---------------------------------------------------------------------------------
Finished Synthesize : Time (s): cpu = 00:00:11 ; elapsed = 00:00:26 . Memory (MB): peak = 1052.137 ; gain = 548.328
---------------------------------------------------------------------------------
---------------------------------------------------------------------------------
Finished Constraint Validation : Time (s): cpu = 00:00:12 ; elapsed = 00:00:27 . Memory (MB): peak = 1052.137 ; gain = 548.328
---------------------------------------------------------------------------------
---------------------------------------------------------------------------------
Start Loading Part and Timing Information
---------------------------------------------------------------------------------
Loading part: xc7k160tffg676-2
---------------------------------------------------------------------------------
INFO: [Device 21-403] Loading part xc7k160tffg676-2
Finished Loading Part and Timing Information : Time (s): cpu = 00:00:12 ; elapsed = 00:00:27 . Memory (MB): peak = 1052.137 ; gain = 548.328
---------------------------------------------------------------------------------
---------------------------------------------------------------------------------
Finished RTL Optimization Phase 2 : Time (s): cpu = 00:00:12 ; elapsed = 00:00:28 . Memory (MB): peak = 1052.137 ; gain = 548.328
---------------------------------------------------------------------------------
No constraint files found.
---------------------------------------------------------------------------------
Start RTL Component Statistics 
---------------------------------------------------------------------------------
Detailed RTL Component Info : 
+---Adders : 
	   2 Input   35 Bit       Adders := 1     
	   2 Input   34 Bit       Adders := 2     
	   2 Input   33 Bit       Adders := 4     
	   2 Input    2 Bit       Adders := 9     
+---Registers : 
	               35 Bit    Registers := 1     
	               34 Bit    Registers := 2     
	               33 Bit    Registers := 4     
	               32 Bit    Registers := 8     
	                3 Bit    Registers := 1     
	                2 Bit    Registers := 9     
	                1 Bit    Registers := 26    
+---Muxes : 
	   2 Input    3 Bit        Muxes := 1     
	   2 Input    2 Bit        Muxes := 9     
	   2 Input    1 Bit        Muxes := 27    
---------------------------------------------------------------------------------
Finished RTL Component Statistics 
---------------------------------------------------------------------------------
---------------------------------------------------------------------------------
Start Part Resource Summary
---------------------------------------------------------------------------------
Part Resources:
DSPs: 600 (col length:100)
BRAMs: 650 (col length: RAMB18 100 RAMB36 50)
---------------------------------------------------------------------------------
Finished Part Resource Summary
---------------------------------------------------------------------------------
No constraint files found.
---------------------------------------------------------------------------------
Start Cross Boundary and Area Optimization
---------------------------------------------------------------------------------
WARNING: [Synth 8-7080] Parallel synthesis criteria is not met
DSP Report: Generating DSP mac_array_inst/MAC_ARRAY[7].mac_inst/mult_stage0, operation Mode is: A*B.
DSP Report: operator mac_array_inst/MAC_ARRAY[7].mac_inst/mult_stage0 is absorbed into DSP mac_array_inst/MAC_ARRAY[7].mac_inst/mult_stage0.
DSP Report: Generating DSP mac_array_inst/MAC_ARRAY[6].mac_inst/mult_stage0, operation Mode is: A*B.
DSP Report: operator mac_array_inst/MAC_ARRAY[6].mac_inst/mult_stage0 is absorbed into DSP mac_array_inst/MAC_ARRAY[6].mac_inst/mult_stage0.
DSP Report: Generating DSP mac_array_inst/MAC_ARRAY[5].mac_inst/mult_stage0, operation Mode is: A*B.
DSP Report: operator mac_array_inst/MAC_ARRAY[5].mac_inst/mult_stage0 is absorbed into DSP mac_array_inst/MAC_ARRAY[5].mac_inst/mult_stage0.
DSP Report: Generating DSP mac_array_inst/MAC_ARRAY[4].mac_inst/mult_stage0, operation Mode is: A*B.
DSP Report: operator mac_array_inst/MAC_ARRAY[4].mac_inst/mult_stage0 is absorbed into DSP mac_array_inst/MAC_ARRAY[4].mac_inst/mult_stage0.
DSP Report: Generating DSP mac_array_inst/MAC_ARRAY[3].mac_inst/mult_stage0, operation Mode is: A*B.
DSP Report: operator mac_array_inst/MAC_ARRAY[3].mac_inst/mult_stage0 is absorbed into DSP mac_array_inst/MAC_ARRAY[3].mac_inst/mult_stage0.
DSP Report: Generating DSP mac_array_inst/MAC_ARRAY[2].mac_inst/mult_stage0, operation Mode is: A*B.
DSP Report: operator mac_array_inst/MAC_ARRAY[2].mac_inst/mult_stage0 is absorbed into DSP mac_array_inst/MAC_ARRAY[2].mac_inst/mult_stage0.
DSP Report: Generating DSP mac_array_inst/MAC_ARRAY[1].mac_inst/mult_stage0, operation Mode is: A*B.
DSP Report: operator mac_array_inst/MAC_ARRAY[1].mac_inst/mult_stage0 is absorbed into DSP mac_array_inst/MAC_ARRAY[1].mac_inst/mult_stage0.
DSP Report: Generating DSP mac_array_inst/MAC_ARRAY[0].mac_inst/mult_stage0, operation Mode is: A*B.
DSP Report: operator mac_array_inst/MAC_ARRAY[0].mac_inst/mult_stage0 is absorbed into DSP mac_array_inst/MAC_ARRAY[0].mac_inst/mult_stage0.
---------------------------------------------------------------------------------
Finished Cross Boundary and Area Optimization : Time (s): cpu = 00:00:21 ; elapsed = 00:01:18 . Memory (MB): peak = 1271.477 ; gain = 767.668
---------------------------------------------------------------------------------
 Sort Area is  mac_array_inst/MAC_ARRAY[0].mac_inst/mult_stage0_0 : 0 0 : 1946 1946 : Used 1 time 0
 Sort Area is  mac_array_inst/MAC_ARRAY[1].mac_inst/mult_stage0_2 : 0 0 : 1946 1946 : Used 1 time 0
 Sort Area is  mac_array_inst/MAC_ARRAY[2].mac_inst/mult_stage0_3 : 0 0 : 1946 1946 : Used 1 time 0
 Sort Area is  mac_array_inst/MAC_ARRAY[3].mac_inst/mult_stage0_4 : 0 0 : 1946 1946 : Used 1 time 0
 Sort Area is  mac_array_inst/MAC_ARRAY[4].mac_inst/mult_stage0_5 : 0 0 : 1946 1946 : Used 1 time 0
 Sort Area is  mac_array_inst/MAC_ARRAY[5].mac_inst/mult_stage0_6 : 0 0 : 1946 1946 : Used 1 time 0
 Sort Area is  mac_array_inst/MAC_ARRAY[6].mac_inst/mult_stage0_7 : 0 0 : 1946 1946 : Used 1 time 0
 Sort Area is  mac_array_inst/MAC_ARRAY[7].mac_inst/mult_stage0_8 : 0 0 : 1946 1946 : Used 1 time 0
---------------------------------------------------------------------------------
Start ROM, RAM, DSP, Shift Register and Retiming Reporting
---------------------------------------------------------------------------------

DSP: Preliminary Mapping Report (see note below. The ' indicates corresponding REG is set)
+--------------+-------------+--------+--------+--------+--------+--------+------+------+------+------+-------+------+------+
|Module Name   | DSP Mapping | A Size | B Size | C Size | D Size | P Size | AREG | BREG | CREG | DREG | ADREG | MREG | PREG | 
+--------------+-------------+--------+--------+--------+--------+--------+------+------+------+------+-------+------+------+
|pipelined_mac | A*B         | 16     | 16     | -      | -      | 32     | 0    | 0    | -    | -    | -     | 0    | 0    | 
|pipelined_mac | A*B         | 16     | 16     | -      | -      | 32     | 0    | 0    | -    | -    | -     | 0    | 0    | 
|pipelined_mac | A*B         | 16     | 16     | -      | -      | 32     | 0    | 0    | -    | -    | -     | 0    | 0    | 
|pipelined_mac | A*B         | 16     | 16     | -      | -      | 32     | 0    | 0    | -    | -    | -     | 0    | 0    | 
|pipelined_mac | A*B         | 16     | 16     | -      | -      | 32     | 0    | 0    | -    | -    | -     | 0    | 0    | 
|pipelined_mac | A*B         | 16     | 16     | -      | -      | 32     | 0    | 0    | -    | -    | -     | 0    | 0    | 
|pipelined_mac | A*B         | 16     | 16     | -      | -      | 32     | 0    | 0    | -    | -    | -     | 0    | 0    | 
|pipelined_mac | A*B         | 16     | 16     | -      | -      | 32     | 0    | 0    | -    | -    | -     | 0    | 0    | 
+--------------+-------------+--------+--------+--------+--------+--------+------+------+------+------+-------+------+------+

Note: The table above is a preliminary report that shows the DSPs inferred at the current stage of the synthesis flow. Some DSP may be reimplemented as non DSP primitives later in the synthesis flow. Multiple instantiated DSPs are reported only once.
---------------------------------------------------------------------------------
Finished ROM, RAM, DSP, Shift Register and Retiming Reporting
---------------------------------------------------------------------------------
No constraint files found.
---------------------------------------------------------------------------------
Start Timing Optimization
---------------------------------------------------------------------------------
---------------------------------------------------------------------------------
Finished Timing Optimization : Time (s): cpu = 00:00:21 ; elapsed = 00:01:18 . Memory (MB): peak = 1271.477 ; gain = 767.668
---------------------------------------------------------------------------------
---------------------------------------------------------------------------------
Start Technology Mapping
---------------------------------------------------------------------------------
---------------------------------------------------------------------------------
Finished Technology Mapping : Time (s): cpu = 00:00:21 ; elapsed = 00:01:19 . Memory (MB): peak = 1271.477 ; gain = 767.668
---------------------------------------------------------------------------------
---------------------------------------------------------------------------------
Start IO Insertion
---------------------------------------------------------------------------------
---------------------------------------------------------------------------------
Start Flattening Before IO Insertion
---------------------------------------------------------------------------------
---------------------------------------------------------------------------------
Finished Flattening Before IO Insertion
---------------------------------------------------------------------------------
---------------------------------------------------------------------------------
Start Final Netlist Cleanup
---------------------------------------------------------------------------------
---------------------------------------------------------------------------------
Finished Final Netlist Cleanup
---------------------------------------------------------------------------------
---------------------------------------------------------------------------------
Finished IO Insertion : Time (s): cpu = 00:00:31 ; elapsed = 00:01:39 . Memory (MB): peak = 1271.477 ; gain = 767.668
---------------------------------------------------------------------------------
---------------------------------------------------------------------------------
Start Renaming Generated Instances
---------------------------------------------------------------------------------
---------------------------------------------------------------------------------
Finished Renaming Generated Instances : Time (s): cpu = 00:00:31 ; elapsed = 00:01:39 . Memory (MB): peak = 1271.477 ; gain = 767.668
---------------------------------------------------------------------------------
---------------------------------------------------------------------------------
Start Rebuilding User Hierarchy
---------------------------------------------------------------------------------
---------------------------------------------------------------------------------
Finished Rebuilding User Hierarchy : Time (s): cpu = 00:00:32 ; elapsed = 00:01:39 . Memory (MB): peak = 1271.477 ; gain = 767.668
---------------------------------------------------------------------------------
---------------------------------------------------------------------------------
Start Renaming Generated Ports
---------------------------------------------------------------------------------
---------------------------------------------------------------------------------
Finished Renaming Generated Ports : Time (s): cpu = 00:00:32 ; elapsed = 00:01:39 . Memory (MB): peak = 1271.477 ; gain = 767.668
---------------------------------------------------------------------------------
---------------------------------------------------------------------------------
Start Handling Custom Attributes
---------------------------------------------------------------------------------
---------------------------------------------------------------------------------
Finished Handling Custom Attributes : Time (s): cpu = 00:00:32 ; elapsed = 00:01:39 . Memory (MB): peak = 1271.477 ; gain = 767.668
---------------------------------------------------------------------------------
---------------------------------------------------------------------------------
Start Renaming Generated Nets
---------------------------------------------------------------------------------
---------------------------------------------------------------------------------
Finished Renaming Generated Nets : Time (s): cpu = 00:00:32 ; elapsed = 00:01:39 . Memory (MB): peak = 1271.477 ; gain = 767.668
---------------------------------------------------------------------------------
---------------------------------------------------------------------------------
Start Writing Synthesis Report
---------------------------------------------------------------------------------

DSP Final Report (the ' indicates corresponding REG is set)
+--------------+-------------+--------+--------+--------+--------+--------+------+------+------+------+-------+------+------+
|Module Name   | DSP Mapping | A Size | B Size | C Size | D Size | P Size | AREG | BREG | CREG | DREG | ADREG | MREG | PREG | 
+--------------+-------------+--------+--------+--------+--------+--------+------+------+------+------+-------+------+------+
|pipelined_mac | (A*B)'      | 16     | 16     | -      | -      | 32     | 0    | 0    | -    | -    | -     | 0    | 1    | 
|pipelined_mac | (A*B)'      | 16     | 16     | -      | -      | 32     | 0    | 0    | -    | -    | -     | 0    | 1    | 
|pipelined_mac | (A*B)'      | 16     | 16     | -      | -      | 32     | 0    | 0    | -    | -    | -     | 0    | 1    | 
|pipelined_mac | (A*B)'      | 16     | 16     | -      | -      | 32     | 0    | 0    | -    | -    | -     | 0    | 1    | 
|pipelined_mac | (A*B)'      | 16     | 16     | -      | -      | 32     | 0    | 0    | -    | -    | -     | 0    | 1    | 
|pipelined_mac | (A*B)'      | 16     | 16     | -      | -      | 32     | 0    | 0    | -    | -    | -     | 0    | 1    | 
|pipelined_mac | (A*B)'      | 16     | 16     | -      | -      | 32     | 0    | 0    | -    | -    | -     | 0    | 1    | 
|pipelined_mac | (A*B)'      | 16     | 16     | -      | -      | 32     | 0    | 0    | -    | -    | -     | 0    | 1    | 
+--------------+-------------+--------+--------+--------+--------+--------+------+------+------+------+-------+------+------+


Report BlackBoxes: 
+-+--------------+----------+
| |BlackBox name |Instances |
+-+--------------+----------+
+-+--------------+----------+

Report Cell Usage: 
+------+--------+------+
|      |Cell    |Count |
+------+--------+------+
|1     |CARRY4  |   127|
|2     |DSP48E1 |     8|
|3     |LUT2    |   476|
|4     |LUT3    |   281|
|5     |LUT4    |    24|
|6     |LUT5    |     3|
|7     |LUT6    |     5|
|8     |FDCE    |   546|
+------+--------+------+

Report Instance Areas: 
+------+----------------------------+--------------------------------------+------+
|      |Instance                    |Module                                |Cells |
+------+----------------------------+--------------------------------------+------+
|1     |top                         |                                      |  1470|
|2     |  adder_tree_inst           |adder_tree_stage                      |   497|
|3     |    gate_inst               |completion_aware_gate__parameterized0 |     3|
|4     |  mac_array_inst            |mac_array_custom                      |   965|
|5     |    \MAC_ARRAY[0].mac_inst  |pipelined_mac                         |   124|
|6     |      gate_inst             |completion_aware_gate_13              |     9|
|7     |    \MAC_ARRAY[1].mac_inst  |pipelined_mac_0                       |   115|
|8     |      gate_inst             |completion_aware_gate_12              |     9|
|9     |    \MAC_ARRAY[2].mac_inst  |pipelined_mac_1                       |   124|
|10    |      gate_inst             |completion_aware_gate_11              |     9|
|11    |    \MAC_ARRAY[3].mac_inst  |pipelined_mac_2                       |   115|
|12    |      gate_inst             |completion_aware_gate_10              |     9|
|13    |    \MAC_ARRAY[4].mac_inst  |pipelined_mac_3                       |   124|
|14    |      gate_inst             |completion_aware_gate_9               |     9|
|15    |    \MAC_ARRAY[5].mac_inst  |pipelined_mac_4                       |   116|
|16    |      gate_inst             |completion_aware_gate_8               |    10|
|17    |    \MAC_ARRAY[6].mac_inst  |pipelined_mac_5                       |   132|
|18    |      gate_inst             |completion_aware_gate_7               |    12|
|19    |    \MAC_ARRAY[7].mac_inst  |pipelined_mac_6                       |   115|
|20    |      gate_inst             |completion_aware_gate                 |     9|
+------+----------------------------+--------------------------------------+------+
---------------------------------------------------------------------------------
Finished Writing Synthesis Report : Time (s): cpu = 00:00:32 ; elapsed = 00:01:40 . Memory (MB): peak = 1271.477 ; gain = 767.668
---------------------------------------------------------------------------------
Synthesis finished with 0 errors, 0 critical warnings and 1 warnings.
Synthesis Optimization Runtime : Time (s): cpu = 00:00:32 ; elapsed = 00:01:40 . Memory (MB): peak = 1271.477 ; gain = 767.668
Synthesis Optimization Complete : Time (s): cpu = 00:00:32 ; elapsed = 00:01:40 . Memory (MB): peak = 1271.477 ; gain = 767.668
INFO: [Project 1-571] Translating synthesized netlist
Netlist sorting complete. Time (s): cpu = 00:00:00 ; elapsed = 00:00:00.097 . Memory (MB): peak = 1280.258 ; gain = 0.000
INFO: [Netlist 29-17] Analyzing 135 Unisim elements for replacement
INFO: [Netlist 29-28] Unisim Transformation completed in 0 CPU seconds
INFO: [Project 1-570] Preparing netlist for logic optimization
INFO: [Opt 31-138] Pushed 0 inverter(s) to 0 load pin(s).
Netlist sorting complete. Time (s): cpu = 00:00:00 ; elapsed = 00:00:00.001 . Memory (MB): peak = 1384.266 ; gain = 0.000
INFO: [Project 1-111] Unisim Transformation Summary:
No Unisim elements were transformed.

Synth Design complete | Checksum: 95fbdced
INFO: [Common 17-83] Releasing license: Synthesis
24 Infos, 1 Warnings, 0 Critical Warnings and 0 Errors encountered.
synth_design completed successfully
synth_design: Time (s): cpu = 00:00:36 ; elapsed = 00:01:53 . Memory (MB): peak = 1384.266 ; gain = 884.441
# create_clock -period 5.000 -name clk [get_ports clk] -add
# set_input_delay  -clock clk 0.5 [all_inputs]
WARNING: [Constraints 18-6211] Setting input delay on a clock pin 'clk' relative to clock 'clk' defined on the same pin is not supported, ignoring it
# set_output_delay -clock clk 0.5 [all_outputs]
# write_checkpoint -force "$outdir/post_synth.dcp"
WARNING: [Constraints 18-6211] Setting input delay on a clock pin 'clk' relative to clock 'clk' defined on the same pin is not supported, ignoring it
INFO: [Timing 38-35] Done setting XDC timing constraints.
INFO: [Timing 38-480] Writing timing data to binary archive.
Write ShapeDB Complete: Time (s): cpu = 00:00:00 ; elapsed = 00:00:00.028 . Memory (MB): peak = 1690.949 ; gain = 0.000
INFO: [Common 17-1381] The checkpoint 'C:/Users/routk/Downloads/clock_gated_mac_array/vivado_synth/baseline/post_synth.dcp' has been generated.
write_checkpoint: Time (s): cpu = 00:00:14 ; elapsed = 00:00:31 . Memory (MB): peak = 1694.398 ; gain = 310.133
# report_timing_summary -delay_type min_max -check_timing -max_paths 5 -file "$outdir/timing_summary.rpt"
INFO: [Timing 38-91] UpdateTimingParams: Speed grade: -2, Delay Type: min_max.
INFO: [Timing 38-191] Multithreading enabled for timing update using a maximum of 2 CPUs
WARNING: [Timing 38-242] The property HD.CLK_SRC of clock port "clk" is not set. In out-of-context mode, this prevents timing estimation for clock delay/skew
Resolution: Set the HD.CLK_SRC property of the out-of-context port to the location of the clock buffer instance in the top-level design
# report_utilization -hierarchical -file "$outdir/utilization.rpt"
# report_power -file "$outdir/power_vectorless.rpt"
Command: report_power -file C:/Users/routk/Downloads/clock_gated_mac_array/vivado_synth/baseline/power_vectorless.rpt
Running Vector-less Activity Propagation...

Finished Running Vector-less Activity Propagation
0 Infos, 0 Warnings, 0 Critical Warnings and 0 Errors encountered.
report_power completed successfully
# puts "===BASELINE_SYNTH_DONE==="
===BASELINE_SYNTH_DONE===
INFO: [Common 17-206] Exiting Vivado at Fri Aug 14 22:30:06 2026...
