Copyright 1986-2022 Xilinx, Inc. All Rights Reserved. Copyright 2022-2023 Advanced Micro Devices, Inc. All Rights Reserved.
---------------------------------------------------------------------------------------------------------------------------------------------
| Tool Version : Vivado v.2023.2 (win64) Build 4029153 Fri Oct 13 20:14:34 MDT 2023
| Date         : Tue Sep  8 17:43:18 2026
| Host         : SHANI007 running 64-bit major release  (build 9200)
| Command      : report_timing_summary -file C:/Users/routk/Downloads/clock_gated_mac_array/synth/rpt/dsp0_timing.rpt
| Design       : mac_cascade_dsp_nogate_top
| Device       : 7a100t-csg324
| Speed File   : -1  PRODUCTION 1.23 2018-06-13
| Design State : Routed
---------------------------------------------------------------------------------------------------------------------------------------------

Timing Summary Report

------------------------------------------------------------------------------------------------
| Timer Settings
| --------------
------------------------------------------------------------------------------------------------

  Enable Multi Corner Analysis               :  Yes
  Enable Pessimism Removal                   :  Yes
  Pessimism Removal Resolution               :  Nearest Common Node
  Enable Input Delay Default Clock           :  No
  Enable Preset / Clear Arcs                 :  No
  Disable Flight Delays                      :  No
  Ignore I/O Paths                           :  No
  Timing Early Launch at Borrowing Latches   :  No
  Borrow Time for Max Delay Exceptions       :  Yes
  Merge Timing Exceptions                    :  Yes
  Inter-SLR Compensation                     :  Conservative

  Corner  Analyze    Analyze    
  Name    Max Paths  Min Paths  
  ------  ---------  ---------  
  Slow    Yes        Yes        
  Fast    Yes        Yes        


------------------------------------------------------------------------------------------------
| Report Methodology
| ------------------
------------------------------------------------------------------------------------------------

No report available as report_methodology has not been run prior. Run report_methodology on the current design for the summary of methodology violations.



check_timing report

Table of Contents
-----------------
1. checking no_clock (0)
2. checking constant_clock (0)
3. checking pulse_width_clock (0)
4. checking unconstrained_internal_endpoints (0)
5. checking no_input_delay (274)
6. checking no_output_delay (0)
7. checking multiple_clock (0)
8. checking generated_clocks (0)
9. checking loops (0)
10. checking partial_input_delay (0)
11. checking partial_output_delay (0)
12. checking latch_loops (0)

1. checking no_clock (0)
------------------------
 There are 0 register/latch pins with no clock.


2. checking constant_clock (0)
------------------------------
 There are 0 register/latch pins with constant_clock.


3. checking pulse_width_clock (0)
---------------------------------
 There are 0 register/latch pins which need pulse_width check


4. checking unconstrained_internal_endpoints (0)
------------------------------------------------
 There are 0 pins that are not constrained for maximum delay.

 There are 0 pins that are not constrained for maximum delay due to constant clock.


5. checking no_input_delay (274)
--------------------------------
 There are 274 input ports with no input delay specified. (HIGH)

 There are 0 input ports with no input delay but user has a false path constraint.


6. checking no_output_delay (0)
-------------------------------
 There are 0 ports with no output delay specified.

 There are 0 ports with no output delay but user has a false path constraint

 There are 0 ports with no output delay but with a timing clock defined on it or propagating through it


7. checking multiple_clock (0)
------------------------------
 There are 0 register/latch pins with multiple clocks.


8. checking generated_clocks (0)
--------------------------------
 There are 0 generated clocks that are not connected to a clock source.


9. checking loops (0)
---------------------
 There are 0 combinational loops in the design.


10. checking partial_input_delay (0)
------------------------------------
 There are 0 input ports with partial input delay specified.


11. checking partial_output_delay (0)
-------------------------------------
 There are 0 ports with partial output delay specified.


12. checking latch_loops (0)
----------------------------
 There are 0 combinational latch loops in the design through latch input



------------------------------------------------------------------------------------------------
| Design Timing Summary
| ---------------------
------------------------------------------------------------------------------------------------

    WNS(ns)      TNS(ns)  TNS Failing Endpoints  TNS Total Endpoints      WHS(ns)      THS(ns)  THS Failing Endpoints  THS Total Endpoints     WPWS(ns)     TPWS(ns)  TPWS Failing Endpoints  TPWS Total Endpoints  
    -------      -------  ---------------------  -------------------      -------      -------  ---------------------  -------------------     --------     --------  ----------------------  --------------------  
      0.319        0.000                      0                  849        0.192        0.000                      0                  849        1.500        0.000                       0                   306  


All user specified timing constraints are met.


------------------------------------------------------------------------------------------------
| Clock Summary
| -------------
------------------------------------------------------------------------------------------------

Clock    Waveform(ns)         Period(ns)      Frequency(MHz)
-----    ------------         ----------      --------------
sys_clk  {0.000 2.000}        4.000           250.000         


------------------------------------------------------------------------------------------------
| Intra Clock Table
| -----------------
------------------------------------------------------------------------------------------------

Clock             WNS(ns)      TNS(ns)  TNS Failing Endpoints  TNS Total Endpoints      WHS(ns)      THS(ns)  THS Failing Endpoints  THS Total Endpoints     WPWS(ns)     TPWS(ns)  TPWS Failing Endpoints  TPWS Total Endpoints  
-----             -------      -------  ---------------------  -------------------      -------      -------  ---------------------  -------------------     --------     --------  ----------------------  --------------------  
sys_clk             0.319        0.000                      0                  849        0.192        0.000                      0                  849        1.500        0.000                       0                   306  


------------------------------------------------------------------------------------------------
| Inter Clock Table
| -----------------
------------------------------------------------------------------------------------------------

From Clock    To Clock          WNS(ns)      TNS(ns)  TNS Failing Endpoints  TNS Total Endpoints      WHS(ns)      THS(ns)  THS Failing Endpoints  THS Total Endpoints  
----------    --------          -------      -------  ---------------------  -------------------      -------      -------  ---------------------  -------------------  


------------------------------------------------------------------------------------------------
| Other Path Groups Table
| -----------------------
------------------------------------------------------------------------------------------------

Path Group    From Clock    To Clock          WNS(ns)      TNS(ns)  TNS Failing Endpoints  TNS Total Endpoints      WHS(ns)      THS(ns)  THS Failing Endpoints  THS Total Endpoints  
----------    ----------    --------          -------      -------  ---------------------  -------------------      -------      -------  ---------------------  -------------------  


------------------------------------------------------------------------------------------------
| Timing Details
| --------------
------------------------------------------------------------------------------------------------


---------------------------------------------------------------------------------------------------
From Clock:  sys_clk
  To Clock:  sys_clk

Setup :            0  Failing Endpoints,  Worst Slack        0.319ns,  Total Violation        0.000ns
Hold  :            0  Failing Endpoints,  Worst Slack        0.192ns,  Total Violation        0.000ns
PW    :            0  Failing Endpoints,  Worst Slack        1.500ns,  Total Violation        0.000ns
---------------------------------------------------------------------------------------------------


Max Delay Paths
--------------------------------------------------------------------------------------
Slack (MET) :             0.319ns  (required time - arrival time)
  Source:                 acc0_i_1__3/C
                            (rising edge-triggered cell FDCE clocked by sys_clk  {rise@0.000ns fall@2.000ns period=4.000ns})
  Destination:            u/mac_array_inst/MAC_ARRAY[3].mac_inst/acc0/OPMODE[4]
                            (rising edge-triggered cell DSP48E1 clocked by sys_clk  {rise@0.000ns fall@2.000ns period=4.000ns})
  Path Group:             sys_clk
  Path Type:              Setup (Max at Slow Process Corner)
  Requirement:            4.000ns  (sys_clk rise@4.000ns - sys_clk rise@0.000ns)
  Data Path Delay:        1.388ns  (logic 0.518ns (37.326%)  route 0.870ns (62.674%))
  Logic Levels:           0  
  Clock Path Skew:        -0.049ns (DCD - SCD + CPR)
    Destination Clock Delay (DCD):    0.924ns = ( 4.924 - 4.000 ) 
    Source Clock Delay      (SCD):    0.973ns
    Clock Pessimism Removal (CPR):    0.000ns
  Clock Uncertainty:      0.035ns  ((TSJ^2 + TIJ^2)^1/2 + DJ) / 2 + PE
    Total System Jitter     (TSJ):    0.071ns
    Total Input Jitter      (TIJ):    0.000ns
    Discrete Jitter          (DJ):    0.000ns
    Phase Error              (PE):    0.000ns

    Location             Delay type                Incr(ns)  Path(ns)    Netlist Resource(s)
  -------------------------------------------------------------------    -------------------
                         (clock sys_clk rise edge)    0.000     0.000 r  
                                                      0.000     0.000 r  clk (IN)
                         net (fo=305, unset)          0.973     0.973    clk
    SLICE_X12Y76         FDCE                                         r  acc0_i_1__3/C
  -------------------------------------------------------------------    -------------------
    SLICE_X12Y76         FDCE (Prop_fdce_C_Q)         0.518     1.491 r  acc0_i_1__3/Q
                         net (fo=35, routed)          0.870     2.361    u/mac_array_inst/MAC_ARRAY[3].mac_inst/acc0_1[0]
    DSP48_X0Y28          DSP48E1                                      r  u/mac_array_inst/MAC_ARRAY[3].mac_inst/acc0/OPMODE[4]
  -------------------------------------------------------------------    -------------------

                         (clock sys_clk rise edge)    4.000     4.000 r  
                                                      0.000     4.000 r  clk (IN)
                         net (fo=305, unset)          0.924     4.924    u/mac_array_inst/MAC_ARRAY[3].mac_inst/clk
    DSP48_X0Y28          DSP48E1                                      r  u/mac_array_inst/MAC_ARRAY[3].mac_inst/acc0/CLK
                         clock pessimism              0.000     4.924    
                         clock uncertainty           -0.035     4.889    
    DSP48_X0Y28          DSP48E1 (Setup_dsp48e1_CLK_OPMODE[4])
                                                     -2.209     2.680    u/mac_array_inst/MAC_ARRAY[3].mac_inst/acc0
  -------------------------------------------------------------------
                         required time                          2.680    
                         arrival time                          -2.361    
  -------------------------------------------------------------------
                         slack                                  0.319    





Min Delay Paths
--------------------------------------------------------------------------------------
Slack (MET) :             0.192ns  (arrival time - required time)
  Source:                 u/adder_tree_inst/level1_reg[1][15]/C
                            (rising edge-triggered cell FDCE clocked by sys_clk  {rise@0.000ns fall@2.000ns period=4.000ns})
  Destination:            u/adder_tree_inst/level2_reg[0][15]/D
                            (rising edge-triggered cell FDCE clocked by sys_clk  {rise@0.000ns fall@2.000ns period=4.000ns})
  Path Group:             sys_clk
  Path Type:              Hold (Min at Fast Process Corner)
  Requirement:            0.000ns  (sys_clk rise@0.000ns - sys_clk rise@0.000ns)
  Data Path Delay:        0.347ns  (logic 0.250ns (72.010%)  route 0.097ns (27.990%))
  Logic Levels:           2  (CARRY4=1 LUT2=1)
  Clock Path Skew:        0.022ns (DCD - SCD - CPR)
    Destination Clock Delay (DCD):    0.432ns
    Source Clock Delay      (SCD):    0.410ns
    Clock Pessimism Removal (CPR):    -0.000ns

    Location             Delay type                Incr(ns)  Path(ns)    Netlist Resource(s)
  -------------------------------------------------------------------    -------------------
                         (clock sys_clk rise edge)    0.000     0.000 r  
                                                      0.000     0.000 r  clk (IN)
                         net (fo=305, unset)          0.410     0.410    u/adder_tree_inst/clk
    SLICE_X13Y72         FDCE                                         r  u/adder_tree_inst/level1_reg[1][15]/C
  -------------------------------------------------------------------    -------------------
    SLICE_X13Y72         FDCE (Prop_fdce_C_Q)         0.141     0.551 r  u/adder_tree_inst/level1_reg[1][15]/Q
                         net (fo=1, routed)           0.097     0.648    u/adder_tree_inst/level1_reg[1][15]
    SLICE_X14Y72         LUT2 (Prop_lut2_I1_O)        0.045     0.693 r  u/adder_tree_inst/level2[0][15]_i_2/O
                         net (fo=1, routed)           0.000     0.693    u/adder_tree_inst/level2[0][15]_i_2_n_0
    SLICE_X14Y72         CARRY4 (Prop_carry4_S[3]_O[3])
                                                      0.064     0.757 r  u/adder_tree_inst/level2_reg[0][15]_i_1/O[3]
                         net (fo=1, routed)           0.000     0.757    u/adder_tree_inst/level2_reg[0][15]_i_1_n_4
    SLICE_X14Y72         FDCE                                         r  u/adder_tree_inst/level2_reg[0][15]/D
  -------------------------------------------------------------------    -------------------

                         (clock sys_clk rise edge)    0.000     0.000 r  
                                                      0.000     0.000 r  clk (IN)
                         net (fo=305, unset)          0.432     0.432    u/adder_tree_inst/clk
    SLICE_X14Y72         FDCE                                         r  u/adder_tree_inst/level2_reg[0][15]/C
                         clock pessimism              0.000     0.432    
    SLICE_X14Y72         FDCE (Hold_fdce_C_D)         0.134     0.566    u/adder_tree_inst/level2_reg[0][15]
  -------------------------------------------------------------------
                         required time                         -0.566    
                         arrival time                           0.757    
  -------------------------------------------------------------------
                         slack                                  0.192    





Pulse Width Checks
--------------------------------------------------------------------------------------
Clock Name:         sys_clk
Waveform(ns):       { 0.000 2.000 }
Period(ns):         4.000
Sources:            { clk }

Check Type        Corner  Lib Pin      Reference Pin  Required(ns)  Actual(ns)  Slack(ns)  Location      Pin
Min Period        n/a     DSP48E1/CLK  n/a            2.154         4.000       1.846      DSP48_X0Y30   u/mac_array_inst/MAC_ARRAY[0].mac_inst/acc0/CLK
Low Pulse Width   Slow    FDCE/C       n/a            0.500         2.000       1.500      SLICE_X12Y74  acc0_i_1/C
High Pulse Width  Slow    FDCE/C       n/a            0.500         2.000       1.500      SLICE_X12Y74  acc0_i_1/C



