Copyright 1986-2022 Xilinx, Inc. All Rights Reserved. Copyright 2022-2023 Advanced Micro Devices, Inc. All Rights Reserved.
---------------------------------------------------------------------------------------------------------------------------------------------
| Tool Version : Vivado v.2023.2 (win64) Build 4029153 Fri Oct 13 20:14:34 MDT 2023
| Date         : Tue Sep  8 17:25:24 2026
| Host         : SHANI007 running 64-bit major release  (build 9200)
| Command      : report_timing_summary -file C:/Users/routk/Downloads/clock_gated_mac_array/synth/rpt/dsp_timing.rpt
| Design       : mac_cascade_zs_dsp_top
| Device       : 7a100t-csg324
| Speed File   : -1  PRODUCTION 1.23 2018-06-13
| Design State : Routed
---------------------------------------------------------------------------------------------------------------------------------------------

Timing Summary Report

------------------------------------------------------------------------------------------------
| Timer Settings
| --------------
------------------------------------------------------------------------------------------------

  Enable Multi Corner Analysis               :  Yes
  Enable Pessimism Removal                   :  Yes
  Pessimism Removal Resolution               :  Nearest Common Node
  Enable Input Delay Default Clock           :  No
  Enable Preset / Clear Arcs                 :  No
  Disable Flight Delays                      :  No
  Ignore I/O Paths                           :  No
  Timing Early Launch at Borrowing Latches   :  No
  Borrow Time for Max Delay Exceptions       :  Yes
  Merge Timing Exceptions                    :  Yes
  Inter-SLR Compensation                     :  Conservative

  Corner  Analyze    Analyze    
  Name    Max Paths  Min Paths  
  ------  ---------  ---------  
  Slow    Yes        Yes        
  Fast    Yes        Yes        


------------------------------------------------------------------------------------------------
| Report Methodology
| ------------------
------------------------------------------------------------------------------------------------

No report available as report_methodology has not been run prior. Run report_methodology on the current design for the summary of methodology violations.



check_timing report

Table of Contents
-----------------
1. checking no_clock (0)
2. checking constant_clock (0)
3. checking pulse_width_clock (0)
4. checking unconstrained_internal_endpoints (0)
5. checking no_input_delay (274)
6. checking no_output_delay (0)
7. checking multiple_clock (0)
8. checking generated_clocks (0)
9. checking loops (0)
10. checking partial_input_delay (0)
11. checking partial_output_delay (0)
12. checking latch_loops (0)

1. checking no_clock (0)
------------------------
 There are 0 register/latch pins with no clock.


2. checking constant_clock (0)
------------------------------
 There are 0 register/latch pins with constant_clock.


3. checking pulse_width_clock (0)
---------------------------------
 There are 0 register/latch pins which need pulse_width check


4. checking unconstrained_internal_endpoints (0)
------------------------------------------------
 There are 0 pins that are not constrained for maximum delay.

 There are 0 pins that are not constrained for maximum delay due to constant clock.


5. checking no_input_delay (274)
--------------------------------
 There are 274 input ports with no input delay specified. (HIGH)

 There are 0 input ports with no input delay but user has a false path constraint.


6. checking no_output_delay (0)
-------------------------------
 There are 0 ports with no output delay specified.

 There are 0 ports with no output delay but user has a false path constraint

 There are 0 ports with no output delay but with a timing clock defined on it or propagating through it


7. checking multiple_clock (0)
------------------------------
 There are 0 register/latch pins with multiple clocks.


8. checking generated_clocks (0)
--------------------------------
 There are 0 generated clocks that are not connected to a clock source.


9. checking loops (0)
---------------------
 There are 0 combinational loops in the design.


10. checking partial_input_delay (0)
------------------------------------
 There are 0 input ports with partial input delay specified.


11. checking partial_output_delay (0)
-------------------------------------
 There are 0 ports with partial output delay specified.


12. checking latch_loops (0)
----------------------------
 There are 0 combinational latch loops in the design through latch input



------------------------------------------------------------------------------------------------
| Design Timing Summary
| ---------------------
------------------------------------------------------------------------------------------------

    WNS(ns)      TNS(ns)  TNS Failing Endpoints  TNS Total Endpoints      WHS(ns)      THS(ns)  THS Failing Endpoints  THS Total Endpoints     WPWS(ns)     TPWS(ns)  TPWS Failing Endpoints  TPWS Total Endpoints  
    -------      -------  ---------------------  -------------------      -------      -------  ---------------------  -------------------     --------     --------  ----------------------  --------------------  
      0.466        0.000                      0                  885        0.143        0.000                      0                  885        1.500        0.000                       0                   336  


All user specified timing constraints are met.


------------------------------------------------------------------------------------------------
| Clock Summary
| -------------
------------------------------------------------------------------------------------------------

Clock    Waveform(ns)         Period(ns)      Frequency(MHz)
-----    ------------         ----------      --------------
sys_clk  {0.000 2.000}        4.000           250.000         


------------------------------------------------------------------------------------------------
| Intra Clock Table
| -----------------
------------------------------------------------------------------------------------------------

Clock             WNS(ns)      TNS(ns)  TNS Failing Endpoints  TNS Total Endpoints      WHS(ns)      THS(ns)  THS Failing Endpoints  THS Total Endpoints     WPWS(ns)     TPWS(ns)  TPWS Failing Endpoints  TPWS Total Endpoints  
-----             -------      -------  ---------------------  -------------------      -------      -------  ---------------------  -------------------     --------     --------  ----------------------  --------------------  
sys_clk             0.466        0.000                      0                  885        0.143        0.000                      0                  885        1.500        0.000                       0                   336  


------------------------------------------------------------------------------------------------
| Inter Clock Table
| -----------------
------------------------------------------------------------------------------------------------

From Clock    To Clock          WNS(ns)      TNS(ns)  TNS Failing Endpoints  TNS Total Endpoints      WHS(ns)      THS(ns)  THS Failing Endpoints  THS Total Endpoints  
----------    --------          -------      -------  ---------------------  -------------------      -------      -------  ---------------------  -------------------  


------------------------------------------------------------------------------------------------
| Other Path Groups Table
| -----------------------
------------------------------------------------------------------------------------------------

Path Group    From Clock    To Clock          WNS(ns)      TNS(ns)  TNS Failing Endpoints  TNS Total Endpoints      WHS(ns)      THS(ns)  THS Failing Endpoints  THS Total Endpoints  
----------    ----------    --------          -------      -------  ---------------------  -------------------      -------      -------  ---------------------  -------------------  


------------------------------------------------------------------------------------------------
| Timing Details
| --------------
------------------------------------------------------------------------------------------------


---------------------------------------------------------------------------------------------------
From Clock:  sys_clk
  To Clock:  sys_clk

Setup :            0  Failing Endpoints,  Worst Slack        0.466ns,  Total Violation        0.000ns
Hold  :            0  Failing Endpoints,  Worst Slack        0.143ns,  Total Violation        0.000ns
PW    :            0  Failing Endpoints,  Worst Slack        1.500ns,  Total Violation        0.000ns
---------------------------------------------------------------------------------------------------


Max Delay Paths
--------------------------------------------------------------------------------------
Slack (MET) :             0.466ns  (required time - arrival time)
  Source:                 acc0_i_3__4/C
                            (rising edge-triggered cell FDCE clocked by sys_clk  {rise@0.000ns fall@2.000ns period=4.000ns})
  Destination:            mac_array_inst/MAC_ARRAY[2].mac_inst/acc0/OPMODE[4]
                            (rising edge-triggered cell DSP48E1 clocked by sys_clk  {rise@0.000ns fall@2.000ns period=4.000ns})
  Path Group:             sys_clk
  Path Type:              Setup (Max at Slow Process Corner)
  Requirement:            4.000ns  (sys_clk rise@4.000ns - sys_clk rise@0.000ns)
  Data Path Delay:        1.241ns  (logic 0.456ns (36.732%)  route 0.785ns (63.268%))
  Logic Levels:           0  
  Clock Path Skew:        -0.049ns (DCD - SCD + CPR)
    Destination Clock Delay (DCD):    0.924ns = ( 4.924 - 4.000 ) 
    Source Clock Delay      (SCD):    0.973ns
    Clock Pessimism Removal (CPR):    0.000ns
  Clock Uncertainty:      0.035ns  ((TSJ^2 + TIJ^2)^1/2 + DJ) / 2 + PE
    Total System Jitter     (TSJ):    0.071ns
    Total Input Jitter      (TIJ):    0.000ns
    Discrete Jitter          (DJ):    0.000ns
    Phase Error              (PE):    0.000ns

    Location             Delay type                Incr(ns)  Path(ns)    Netlist Resource(s)
  -------------------------------------------------------------------    -------------------
                         (clock sys_clk rise edge)    0.000     0.000 r  
                                                      0.000     0.000 r  clk (IN)
                         net (fo=335, unset)          0.973     0.973    clk
    SLICE_X9Y55          FDCE                                         r  acc0_i_3__4/C
  -------------------------------------------------------------------    -------------------
    SLICE_X9Y55          FDCE (Prop_fdce_C_Q)         0.456     1.429 r  acc0_i_3__4/Q
                         net (fo=67, routed)          0.785     2.214    mac_array_inst/MAC_ARRAY[2].mac_inst/acc0_2[0]
    DSP48_X0Y20          DSP48E1                                      r  mac_array_inst/MAC_ARRAY[2].mac_inst/acc0/OPMODE[4]
  -------------------------------------------------------------------    -------------------

                         (clock sys_clk rise edge)    4.000     4.000 r  
                                                      0.000     4.000 r  clk (IN)
                         net (fo=335, unset)          0.924     4.924    mac_array_inst/MAC_ARRAY[2].mac_inst/clk
    DSP48_X0Y20          DSP48E1                                      r  mac_array_inst/MAC_ARRAY[2].mac_inst/acc0/CLK
                         clock pessimism              0.000     4.924    
                         clock uncertainty           -0.035     4.889    
    DSP48_X0Y20          DSP48E1 (Setup_dsp48e1_CLK_OPMODE[4])
                                                     -2.209     2.680    mac_array_inst/MAC_ARRAY[2].mac_inst/acc0
  -------------------------------------------------------------------
                         required time                          2.680    
                         arrival time                          -2.214    
  -------------------------------------------------------------------
                         slack                                  0.466    





Min Delay Paths
--------------------------------------------------------------------------------------
Slack (MET) :             0.143ns  (arrival time - required time)
  Source:                 mac_array_inst/MAC_ARRAY[7].mac_inst/skip_sr_reg[1]/C
                            (rising edge-triggered cell FDCE clocked by sys_clk  {rise@0.000ns fall@2.000ns period=4.000ns})
  Destination:            acc0_i_3/D
                            (rising edge-triggered cell FDCE clocked by sys_clk  {rise@0.000ns fall@2.000ns period=4.000ns})
  Path Group:             sys_clk
  Path Type:              Hold (Min at Fast Process Corner)
  Requirement:            0.000ns  (sys_clk rise@0.000ns - sys_clk rise@0.000ns)
  Data Path Delay:        0.284ns  (logic 0.186ns (65.445%)  route 0.098ns (34.555%))
  Logic Levels:           1  (LUT6=1)
  Clock Path Skew:        0.022ns (DCD - SCD - CPR)
    Destination Clock Delay (DCD):    0.432ns
    Source Clock Delay      (SCD):    0.410ns
    Clock Pessimism Removal (CPR):    -0.000ns

    Location             Delay type                Incr(ns)  Path(ns)    Netlist Resource(s)
  -------------------------------------------------------------------    -------------------
                         (clock sys_clk rise edge)    0.000     0.000 r  
                                                      0.000     0.000 r  clk (IN)
                         net (fo=335, unset)          0.410     0.410    mac_array_inst/MAC_ARRAY[7].mac_inst/clk
    SLICE_X13Y65         FDCE                                         r  mac_array_inst/MAC_ARRAY[7].mac_inst/skip_sr_reg[1]/C
  -------------------------------------------------------------------    -------------------
    SLICE_X13Y65         FDCE (Prop_fdce_C_Q)         0.141     0.551 f  mac_array_inst/MAC_ARRAY[7].mac_inst/skip_sr_reg[1]/Q
                         net (fo=2, routed)           0.098     0.649    mac_array_inst/MAC_ARRAY[7].mac_inst/gate_inst/gate_inst/acc0[1]
    SLICE_X12Y65         LUT6 (Prop_lut6_I4_O)        0.045     0.694 r  mac_array_inst/MAC_ARRAY[7].mac_inst/gate_inst/gate_inst/acc0_i_4__6/O
                         net (fo=1, routed)           0.000     0.694    mac_array_inst_n_272
    SLICE_X12Y65         FDCE                                         r  acc0_i_3/D
  -------------------------------------------------------------------    -------------------

                         (clock sys_clk rise edge)    0.000     0.000 r  
                                                      0.000     0.000 r  clk (IN)
                         net (fo=335, unset)          0.432     0.432    clk
    SLICE_X12Y65         FDCE                                         r  acc0_i_3/C
                         clock pessimism              0.000     0.432    
    SLICE_X12Y65         FDCE (Hold_fdce_C_D)         0.120     0.552    acc0_i_3
  -------------------------------------------------------------------
                         required time                         -0.552    
                         arrival time                           0.694    
  -------------------------------------------------------------------
                         slack                                  0.143    





Pulse Width Checks
--------------------------------------------------------------------------------------
Clock Name:         sys_clk
Waveform(ns):       { 0.000 2.000 }
Period(ns):         4.000
Sources:            { clk }

Check Type        Corner  Lib Pin      Reference Pin  Required(ns)  Actual(ns)  Slack(ns)  Location      Pin
Min Period        n/a     DSP48E1/CLK  n/a            2.154         4.000       1.846      DSP48_X0Y23   mac_array_inst/MAC_ARRAY[0].mac_inst/acc0/CLK
Low Pulse Width   Slow    FDCE/C       n/a            0.500         2.000       1.500      SLICE_X12Y65  acc0_i_3/C
High Pulse Width  Slow    FDCE/C       n/a            0.500         2.000       1.500      SLICE_X12Y65  acc0_i_3/C



