Copyright 1986-2022 Xilinx, Inc. All Rights Reserved. Copyright 2022-2023 Advanced Micro Devices, Inc. All Rights Reserved.
-------------------------------------------------------------------------------------------------------------------------------------------------
| Tool Version     : Vivado v.2023.2 (win64) Build 4029153 Fri Oct 13 20:14:34 MDT 2023
| Date             : Tue Sep  8 18:08:25 2026
| Host             : SHANI007 running 64-bit major release  (build 9200)
| Command          : report_power -file C:/Users/routk/Downloads/clock_gated_mac_array/synth/rpt/power_dsp0_s50.rpt
| Design           : mac_cascade_dsp_nogate_top
| Device           : xc7a100tcsg324-1
| Design State     : routed
| Grade            : commercial
| Process          : typical
| Characterization : Production
-------------------------------------------------------------------------------------------------------------------------------------------------

Power Report

Table of Contents
-----------------
1. Summary
1.1 On-Chip Components
1.2 Power Supply Summary
1.3 Confidence Level
2. Settings
2.1 Environment
2.2 Clock Constraints
3. Detailed Reports
3.1 By Hierarchy

1. Summary
----------

+--------------------------+-------------------------------------------------------------------------+
| Total On-Chip Power (W)  | 0.129                                                                   |
| Design Power Budget (W)  | Unspecified*                                                            |
| Power Budget Margin (W)  | NA                                                                      |
| Dynamic (W)              | 0.045                                                                   |
| Device Static (W)        | 0.084                                                                   |
| Effective TJA (C/W)      | 4.6                                                                     |
| Max Ambient (C)          | 84.4                                                                    |
| Junction Temperature (C) | 25.6                                                                    |
| Confidence Level         | Medium                                                                  |
| Setting File             | ---                                                                     |
| Simulation Activity File | C:/Users/routk/Downloads/clock_gated_mac_array/synth/saif/dsp0_s50.saif |
| Design Nets Matched      | 20%   (311/1533)                                                        |
+--------------------------+-------------------------------------------------------------------------+
* Specify Design Power Budget using, set_operating_conditions -design_power_budget <value in Watts>


1.1 On-Chip Components
----------------------

+----------------+-----------+----------+-----------+-----------------+
| On-Chip        | Power (W) | Used     | Available | Utilization (%) |
+----------------+-----------+----------+-----------+-----------------+
| Clocks         |     0.009 |        3 |       --- |             --- |
| Slice Logic    |     0.009 |      810 |       --- |             --- |
|   LUT as Logic |     0.007 |      268 |     63400 |            0.42 |
|   CARRY4       |     0.001 |       63 |     15850 |            0.40 |
|   Register     |    <0.001 |      298 |    126800 |            0.24 |
|   Others       |     0.000 |       36 |       --- |             --- |
| Signals        |     0.008 |      593 |       --- |             --- |
| DSPs           |     0.020 |        8 |       240 |            3.33 |
| Static Power   |     0.084 |          |           |                 |
| Total          |     0.129 |          |           |                 |
+----------------+-----------+----------+-----------+-----------------+


1.2 Power Supply Summary
------------------------

+-----------+-------------+-----------+-------------+------------+-------------+-------------+------------+
| Source    | Voltage (V) | Total (A) | Dynamic (A) | Static (A) | Powerup (A) | Budget (A)  | Margin (A) |
+-----------+-------------+-----------+-------------+------------+-------------+-------------+------------+
| Vccint    |       1.000 |     0.061 |       0.045 |      0.015 |       NA    | Unspecified | NA         |
| Vccaux    |       1.800 |     0.018 |       0.000 |      0.018 |       NA    | Unspecified | NA         |
| Vcco33    |       3.300 |     0.000 |       0.000 |      0.000 |       NA    | Unspecified | NA         |
| Vcco25    |       2.500 |     0.000 |       0.000 |      0.000 |       NA    | Unspecified | NA         |
| Vcco18    |       1.800 |     0.000 |       0.000 |      0.000 |       NA    | Unspecified | NA         |
| Vcco15    |       1.500 |     0.000 |       0.000 |      0.000 |       NA    | Unspecified | NA         |
| Vcco135   |       1.350 |     0.000 |       0.000 |      0.000 |       NA    | Unspecified | NA         |
| Vcco12    |       1.200 |     0.000 |       0.000 |      0.000 |       NA    | Unspecified | NA         |
| Vccaux_io |       1.800 |     0.000 |       0.000 |      0.000 |       NA    | Unspecified | NA         |
| Vccbram   |       1.000 |     0.000 |       0.000 |      0.000 |       NA    | Unspecified | NA         |
| MGTAVcc   |       1.000 |     0.000 |       0.000 |      0.000 |       NA    | Unspecified | NA         |
| MGTAVtt   |       1.200 |     0.000 |       0.000 |      0.000 |       NA    | Unspecified | NA         |
| Vccadc    |       1.800 |     0.020 |       0.000 |      0.020 |       NA    | Unspecified | NA         |
+-----------+-------------+-----------+-------------+------------+-------------+-------------+------------+


1.3 Confidence Level
--------------------

+-----------------------------+------------+------------------------------------------------+------------------------------------------------------------------------------------------------------------+
| User Input Data             | Confidence | Details                                        | Action                                                                                                     |
+-----------------------------+------------+------------------------------------------------+------------------------------------------------------------------------------------------------------------+
| Design implementation state | High       | Design is routed                               |                                                                                                            |
| Clock nodes activity        | High       | User specified more than 95% of clocks         |                                                                                                            |
| I/O nodes activity          | High       | User specified more than 95% of inputs         |                                                                                                            |
| Internal nodes activity     | Medium     | User specified less than 25% of internal nodes | Provide missing internal nodes activity with simulation results or by editing the "By Resource Type" views |
| Device models               | High       | Device models are Production                   |                                                                                                            |
|                             |            |                                                |                                                                                                            |
| Overall confidence level    | Medium     |                                                |                                                                                                            |
+-----------------------------+------------+------------------------------------------------+------------------------------------------------------------------------------------------------------------+


2. Settings
-----------

2.1 Environment
---------------

+-----------------------+--------------------------+
| Ambient Temp (C)      | 25.0                     |
| ThetaJA (C/W)         | 4.6                      |
| Airflow (LFM)         | 250                      |
| Heat Sink             | medium (Medium Profile)  |
| ThetaSA (C/W)         | 4.6                      |
| Board Selection       | medium (10"x10")         |
| # of Board Layers     | 12to15 (12 to 15 Layers) |
| Board Temperature (C) | 25.0                     |
+-----------------------+--------------------------+


2.2 Clock Constraints
---------------------

+---------+--------+-----------------+
| Clock   | Domain | Constraint (ns) |
+---------+--------+-----------------+
| sys_clk | clk    |             4.0 |
+---------+--------+-----------------+


3. Detailed Reports
-------------------

3.1 By Hierarchy
----------------

+-----------------------------+-----------+
| Name                        | Power (W) |
+-----------------------------+-----------+
| mac_cascade_dsp_nogate_top  |     0.045 |
|   u                         |     0.045 |
|     adder_tree_inst         |     0.018 |
|     mac_array_inst          |     0.027 |
|       MAC_ARRAY[0].mac_inst |     0.004 |
|       MAC_ARRAY[1].mac_inst |     0.003 |
|       MAC_ARRAY[2].mac_inst |     0.004 |
|       MAC_ARRAY[3].mac_inst |     0.003 |
|       MAC_ARRAY[4].mac_inst |     0.004 |
|       MAC_ARRAY[5].mac_inst |     0.003 |
|       MAC_ARRAY[6].mac_inst |     0.004 |
|       MAC_ARRAY[7].mac_inst |     0.003 |
+-----------------------------+-----------+


