Copyright 1986-2022 Xilinx, Inc. All Rights Reserved. Copyright 2022-2023 Advanced Micro Devices, Inc. All Rights Reserved.
---------------------------------------------------------------------------------------------------------------------------------------------
| Tool Version : Vivado v.2023.2 (win64) Build 4029153 Fri Oct 13 20:14:34 MDT 2023
| Date         : Tue Sep  8 16:59:04 2026
| Host         : SHANI007 running 64-bit major release  (build 9200)
| Command      : report_timing_summary -file C:/Users/routk/Downloads/clock_gated_mac_array/synth/rpt/zs_timing.rpt
| Design       : mac_cascade_zs_top
| Device       : 7a100t-csg324
| Speed File   : -1  PRODUCTION 1.23 2018-06-13
| Design State : Routed
---------------------------------------------------------------------------------------------------------------------------------------------

Timing Summary Report

------------------------------------------------------------------------------------------------
| Timer Settings
| --------------
------------------------------------------------------------------------------------------------

  Enable Multi Corner Analysis               :  Yes
  Enable Pessimism Removal                   :  Yes
  Pessimism Removal Resolution               :  Nearest Common Node
  Enable Input Delay Default Clock           :  No
  Enable Preset / Clear Arcs                 :  No
  Disable Flight Delays                      :  No
  Ignore I/O Paths                           :  No
  Timing Early Launch at Borrowing Latches   :  No
  Borrow Time for Max Delay Exceptions       :  Yes
  Merge Timing Exceptions                    :  Yes
  Inter-SLR Compensation                     :  Conservative

  Corner  Analyze    Analyze    
  Name    Max Paths  Min Paths  
  ------  ---------  ---------  
  Slow    Yes        Yes        
  Fast    Yes        Yes        


------------------------------------------------------------------------------------------------
| Report Methodology
| ------------------
------------------------------------------------------------------------------------------------

No report available as report_methodology has not been run prior. Run report_methodology on the current design for the summary of methodology violations.



check_timing report

Table of Contents
-----------------
1. checking no_clock (0)
2. checking constant_clock (0)
3. checking pulse_width_clock (0)
4. checking unconstrained_internal_endpoints (0)
5. checking no_input_delay (274)
6. checking no_output_delay (0)
7. checking multiple_clock (0)
8. checking generated_clocks (0)
9. checking loops (0)
10. checking partial_input_delay (0)
11. checking partial_output_delay (0)
12. checking latch_loops (0)

1. checking no_clock (0)
------------------------
 There are 0 register/latch pins with no clock.


2. checking constant_clock (0)
------------------------------
 There are 0 register/latch pins with constant_clock.


3. checking pulse_width_clock (0)
---------------------------------
 There are 0 register/latch pins which need pulse_width check


4. checking unconstrained_internal_endpoints (0)
------------------------------------------------
 There are 0 pins that are not constrained for maximum delay.

 There are 0 pins that are not constrained for maximum delay due to constant clock.


5. checking no_input_delay (274)
--------------------------------
 There are 274 input ports with no input delay specified. (HIGH)

 There are 0 input ports with no input delay but user has a false path constraint.


6. checking no_output_delay (0)
-------------------------------
 There are 0 ports with no output delay specified.

 There are 0 ports with no output delay but user has a false path constraint

 There are 0 ports with no output delay but with a timing clock defined on it or propagating through it


7. checking multiple_clock (0)
------------------------------
 There are 0 register/latch pins with multiple clocks.


8. checking generated_clocks (0)
--------------------------------
 There are 0 generated clocks that are not connected to a clock source.


9. checking loops (0)
---------------------
 There are 0 combinational loops in the design.


10. checking partial_input_delay (0)
------------------------------------
 There are 0 input ports with partial input delay specified.


11. checking partial_output_delay (0)
-------------------------------------
 There are 0 ports with partial output delay specified.


12. checking latch_loops (0)
----------------------------
 There are 0 combinational latch loops in the design through latch input



------------------------------------------------------------------------------------------------
| Design Timing Summary
| ---------------------
------------------------------------------------------------------------------------------------

    WNS(ns)      TNS(ns)  TNS Failing Endpoints  TNS Total Endpoints      WHS(ns)      THS(ns)  THS Failing Endpoints  THS Total Endpoints     WPWS(ns)     TPWS(ns)  TPWS Failing Endpoints  TPWS Total Endpoints  
    -------      -------  ---------------------  -------------------      -------      -------  ---------------------  -------------------     --------     --------  ----------------------  --------------------  
      0.333        0.000                      0                 1093        0.144        0.000                      0                 1093        1.500        0.000                       0                   576  


All user specified timing constraints are met.


------------------------------------------------------------------------------------------------
| Clock Summary
| -------------
------------------------------------------------------------------------------------------------

Clock    Waveform(ns)         Period(ns)      Frequency(MHz)
-----    ------------         ----------      --------------
sys_clk  {0.000 2.000}        4.000           250.000         


------------------------------------------------------------------------------------------------
| Intra Clock Table
| -----------------
------------------------------------------------------------------------------------------------

Clock             WNS(ns)      TNS(ns)  TNS Failing Endpoints  TNS Total Endpoints      WHS(ns)      THS(ns)  THS Failing Endpoints  THS Total Endpoints     WPWS(ns)     TPWS(ns)  TPWS Failing Endpoints  TPWS Total Endpoints  
-----             -------      -------  ---------------------  -------------------      -------      -------  ---------------------  -------------------     --------     --------  ----------------------  --------------------  
sys_clk             0.333        0.000                      0                 1093        0.144        0.000                      0                 1093        1.500        0.000                       0                   576  


------------------------------------------------------------------------------------------------
| Inter Clock Table
| -----------------
------------------------------------------------------------------------------------------------

From Clock    To Clock          WNS(ns)      TNS(ns)  TNS Failing Endpoints  TNS Total Endpoints      WHS(ns)      THS(ns)  THS Failing Endpoints  THS Total Endpoints  
----------    --------          -------      -------  ---------------------  -------------------      -------      -------  ---------------------  -------------------  


------------------------------------------------------------------------------------------------
| Other Path Groups Table
| -----------------------
------------------------------------------------------------------------------------------------

Path Group    From Clock    To Clock          WNS(ns)      TNS(ns)  TNS Failing Endpoints  TNS Total Endpoints      WHS(ns)      THS(ns)  THS Failing Endpoints  THS Total Endpoints  
----------    ----------    --------          -------      -------  ---------------------  -------------------      -------      -------  ---------------------  -------------------  


------------------------------------------------------------------------------------------------
| Timing Details
| --------------
------------------------------------------------------------------------------------------------


---------------------------------------------------------------------------------------------------
From Clock:  sys_clk
  To Clock:  sys_clk

Setup :            0  Failing Endpoints,  Worst Slack        0.333ns,  Total Violation        0.000ns
Hold  :            0  Failing Endpoints,  Worst Slack        0.144ns,  Total Violation        0.000ns
PW    :            0  Failing Endpoints,  Worst Slack        1.500ns,  Total Violation        0.000ns
---------------------------------------------------------------------------------------------------


Max Delay Paths
--------------------------------------------------------------------------------------
Slack (MET) :             0.333ns  (required time - arrival time)
  Source:                 acc_reg[0]_i_10__4/C
                            (rising edge-triggered cell FDCE clocked by sys_clk  {rise@0.000ns fall@2.000ns period=4.000ns})
  Destination:            mac_array_inst/MAC_ARRAY[2].mac_inst/acc_reg[29]/D
                            (rising edge-triggered cell FDCE clocked by sys_clk  {rise@0.000ns fall@2.000ns period=4.000ns})
  Path Group:             sys_clk
  Path Type:              Setup (Max at Slow Process Corner)
  Requirement:            4.000ns  (sys_clk rise@4.000ns - sys_clk rise@0.000ns)
  Data Path Delay:        3.692ns  (logic 2.118ns (57.374%)  route 1.574ns (42.626%))
  Logic Levels:           9  (CARRY4=8 LUT3=1)
  Clock Path Skew:        -0.049ns (DCD - SCD + CPR)
    Destination Clock Delay (DCD):    0.924ns = ( 4.924 - 4.000 ) 
    Source Clock Delay      (SCD):    0.973ns
    Clock Pessimism Removal (CPR):    0.000ns
  Clock Uncertainty:      0.035ns  ((TSJ^2 + TIJ^2)^1/2 + DJ) / 2 + PE
    Total System Jitter     (TSJ):    0.071ns
    Total Input Jitter      (TIJ):    0.000ns
    Discrete Jitter          (DJ):    0.000ns
    Phase Error              (PE):    0.000ns

    Location             Delay type                Incr(ns)  Path(ns)    Netlist Resource(s)
  -------------------------------------------------------------------    -------------------
                         (clock sys_clk rise edge)    0.000     0.000 r  
                                                      0.000     0.000 r  clk (IN)
                         net (fo=575, unset)          0.973     0.973    clk
    SLICE_X11Y84         FDCE                                         r  acc_reg[0]_i_10__4/C
  -------------------------------------------------------------------    -------------------
    SLICE_X11Y84         FDCE (Prop_fdce_C_Q)         0.456     1.429 r  acc_reg[0]_i_10__4/Q
                         net (fo=64, routed)          1.574     3.003    mac_array_inst/MAC_ARRAY[2].mac_inst/acc_reg[0]_i_10__4
    SLICE_X10Y77         LUT3 (Prop_lut3_I0_O)        0.124     3.127 r  mac_array_inst/MAC_ARRAY[2].mac_inst/acc[0]_i_9__4/O
                         net (fo=1, routed)           0.000     3.127    mac_array_inst/MAC_ARRAY[2].mac_inst/acc[0]_i_9__4_n_0
    SLICE_X10Y77         CARRY4 (Prop_carry4_S[0]_CO[3])
                                                      0.513     3.640 r  mac_array_inst/MAC_ARRAY[2].mac_inst/acc_reg[0]_i_1__4/CO[3]
                         net (fo=1, routed)           0.000     3.640    mac_array_inst/MAC_ARRAY[2].mac_inst/acc_reg[0]_i_1__4_n_0
    SLICE_X10Y78         CARRY4 (Prop_carry4_CI_CO[3])
                                                      0.117     3.757 r  mac_array_inst/MAC_ARRAY[2].mac_inst/acc_reg[4]_i_1__4/CO[3]
                         net (fo=1, routed)           0.000     3.757    mac_array_inst/MAC_ARRAY[2].mac_inst/acc_reg[4]_i_1__4_n_0
    SLICE_X10Y79         CARRY4 (Prop_carry4_CI_CO[3])
                                                      0.117     3.874 r  mac_array_inst/MAC_ARRAY[2].mac_inst/acc_reg[8]_i_1__4/CO[3]
                         net (fo=1, routed)           0.000     3.874    mac_array_inst/MAC_ARRAY[2].mac_inst/acc_reg[8]_i_1__4_n_0
    SLICE_X10Y80         CARRY4 (Prop_carry4_CI_CO[3])
                                                      0.117     3.991 r  mac_array_inst/MAC_ARRAY[2].mac_inst/acc_reg[12]_i_1__4/CO[3]
                         net (fo=1, routed)           0.000     3.991    mac_array_inst/MAC_ARRAY[2].mac_inst/acc_reg[12]_i_1__4_n_0
    SLICE_X10Y81         CARRY4 (Prop_carry4_CI_CO[3])
                                                      0.117     4.108 r  mac_array_inst/MAC_ARRAY[2].mac_inst/acc_reg[16]_i_1__4/CO[3]
                         net (fo=1, routed)           0.000     4.108    mac_array_inst/MAC_ARRAY[2].mac_inst/acc_reg[16]_i_1__4_n_0
    SLICE_X10Y82         CARRY4 (Prop_carry4_CI_CO[3])
                                                      0.117     4.225 r  mac_array_inst/MAC_ARRAY[2].mac_inst/acc_reg[20]_i_1__4/CO[3]
                         net (fo=1, routed)           0.000     4.225    mac_array_inst/MAC_ARRAY[2].mac_inst/acc_reg[20]_i_1__4_n_0
    SLICE_X10Y83         CARRY4 (Prop_carry4_CI_CO[3])
                                                      0.117     4.342 r  mac_array_inst/MAC_ARRAY[2].mac_inst/acc_reg[24]_i_1__4/CO[3]
                         net (fo=1, routed)           0.000     4.342    mac_array_inst/MAC_ARRAY[2].mac_inst/acc_reg[24]_i_1__4_n_0
    SLICE_X10Y84         CARRY4 (Prop_carry4_CI_O[1])
                                                      0.323     4.665 r  mac_array_inst/MAC_ARRAY[2].mac_inst/acc_reg[28]_i_1__4/O[1]
                         net (fo=1, routed)           0.000     4.665    mac_array_inst/MAC_ARRAY[2].mac_inst/acc_reg[28]_i_1__4_n_6
    SLICE_X10Y84         FDCE                                         r  mac_array_inst/MAC_ARRAY[2].mac_inst/acc_reg[29]/D
  -------------------------------------------------------------------    -------------------

                         (clock sys_clk rise edge)    4.000     4.000 r  
                                                      0.000     4.000 r  clk (IN)
                         net (fo=575, unset)          0.924     4.924    mac_array_inst/MAC_ARRAY[2].mac_inst/clk
    SLICE_X10Y84         FDCE                                         r  mac_array_inst/MAC_ARRAY[2].mac_inst/acc_reg[29]/C
                         clock pessimism              0.000     4.924    
                         clock uncertainty           -0.035     4.889    
    SLICE_X10Y84         FDCE (Setup_fdce_C_D)        0.109     4.998    mac_array_inst/MAC_ARRAY[2].mac_inst/acc_reg[29]
  -------------------------------------------------------------------
                         required time                          4.998    
                         arrival time                          -4.665    
  -------------------------------------------------------------------
                         slack                                  0.333    





Min Delay Paths
--------------------------------------------------------------------------------------
Slack (MET) :             0.144ns  (arrival time - required time)
  Source:                 mac_array_inst/MAC_ARRAY[6].mac_inst/update_out_reg/C
                            (rising edge-triggered cell FDCE clocked by sys_clk  {rise@0.000ns fall@2.000ns period=4.000ns})
  Destination:            adder_tree_inst/l1_chg_reg[3]/D
                            (rising edge-triggered cell FDCE clocked by sys_clk  {rise@0.000ns fall@2.000ns period=4.000ns})
  Path Group:             sys_clk
  Path Type:              Hold (Min at Fast Process Corner)
  Requirement:            0.000ns  (sys_clk rise@0.000ns - sys_clk rise@0.000ns)
  Data Path Delay:        0.258ns  (logic 0.186ns (72.200%)  route 0.072ns (27.800%))
  Logic Levels:           1  (LUT2=1)
  Clock Path Skew:        0.022ns (DCD - SCD - CPR)
    Destination Clock Delay (DCD):    0.432ns
    Source Clock Delay      (SCD):    0.410ns
    Clock Pessimism Removal (CPR):    -0.000ns

    Location             Delay type                Incr(ns)  Path(ns)    Netlist Resource(s)
  -------------------------------------------------------------------    -------------------
                         (clock sys_clk rise edge)    0.000     0.000 r  
                                                      0.000     0.000 r  clk (IN)
                         net (fo=575, unset)          0.410     0.410    mac_array_inst/MAC_ARRAY[6].mac_inst/clk
    SLICE_X5Y72          FDCE                                         r  mac_array_inst/MAC_ARRAY[6].mac_inst/update_out_reg/C
  -------------------------------------------------------------------    -------------------
    SLICE_X5Y72          FDCE (Prop_fdce_C_Q)         0.141     0.551 r  mac_array_inst/MAC_ARRAY[6].mac_inst/update_out_reg/Q
                         net (fo=2, routed)           0.072     0.623    mac_array_inst/MAC_ARRAY[6].mac_inst/update_out_reg_0[0]
    SLICE_X4Y72          LUT2 (Prop_lut2_I0_O)        0.045     0.668 r  mac_array_inst/MAC_ARRAY[6].mac_inst/l1_chg[3]_i_2/O
                         net (fo=1, routed)           0.000     0.668    adder_tree_inst/l1_chg_reg[3]_0[3]
    SLICE_X4Y72          FDCE                                         r  adder_tree_inst/l1_chg_reg[3]/D
  -------------------------------------------------------------------    -------------------

                         (clock sys_clk rise edge)    0.000     0.000 r  
                                                      0.000     0.000 r  clk (IN)
                         net (fo=575, unset)          0.432     0.432    adder_tree_inst/clk
    SLICE_X4Y72          FDCE                                         r  adder_tree_inst/l1_chg_reg[3]/C
                         clock pessimism              0.000     0.432    
    SLICE_X4Y72          FDCE (Hold_fdce_C_D)         0.092     0.524    adder_tree_inst/l1_chg_reg[3]
  -------------------------------------------------------------------
                         required time                         -0.524    
                         arrival time                           0.668    
  -------------------------------------------------------------------
                         slack                                  0.144    





Pulse Width Checks
--------------------------------------------------------------------------------------
Clock Name:         sys_clk
Waveform(ns):       { 0.000 2.000 }
Period(ns):         4.000
Sources:            { clk }

Check Type        Corner  Lib Pin      Reference Pin  Required(ns)  Actual(ns)  Slack(ns)  Location      Pin
Min Period        n/a     DSP48E1/CLK  n/a            2.154         4.000       1.846      DSP48_X0Y29   mac_array_inst/MAC_ARRAY[0].mac_inst/mult_stage0/CLK
Low Pulse Width   Slow    FDCE/C       n/a            0.500         2.000       1.500      SLICE_X13Y82  acc_reg[0]_i_10/C
High Pulse Width  Slow    FDCE/C       n/a            0.500         2.000       1.500      SLICE_X13Y82  acc_reg[0]_i_10/C



