Copyright 1986-2022 Xilinx, Inc. All Rights Reserved. Copyright 2022-2023 Advanced Micro Devices, Inc. All Rights Reserved.
------------------------------------------------------------------------------------------------------------------------------------------------------------------------------------
| Tool Version : Vivado v.2023.2 (win64) Build 4029153 Fri Oct 13 20:14:34 MDT 2023
| Date         : Fri Aug 14 22:33:01 2026
| Host         : SHANI007 running 64-bit major release  (build 9200)
| Command      : report_timing_summary -delay_type min_max -check_timing -max_paths 5 -file C:/Users/routk/Downloads/clock_gated_mac_array/vivado_synth/zeroskip/timing_summary.rpt
| Design       : mac_cascade_zs_top
| Device       : 7k160t-ffg676
| Speed File   : -2  PRODUCTION 1.12 2017-02-17
| Design State : Synthesized
------------------------------------------------------------------------------------------------------------------------------------------------------------------------------------

Timing Summary Report

------------------------------------------------------------------------------------------------
| Timer Settings
| --------------
------------------------------------------------------------------------------------------------

  Enable Multi Corner Analysis               :  Yes
  Enable Pessimism Removal                   :  Yes
  Pessimism Removal Resolution               :  Nearest Common Node
  Enable Input Delay Default Clock           :  No
  Enable Preset / Clear Arcs                 :  No
  Disable Flight Delays                      :  No
  Ignore I/O Paths                           :  No
  Timing Early Launch at Borrowing Latches   :  No
  Borrow Time for Max Delay Exceptions       :  Yes
  Merge Timing Exceptions                    :  Yes
  Inter-SLR Compensation                     :  Conservative

  Corner  Analyze    Analyze    
  Name    Max Paths  Min Paths  
  ------  ---------  ---------  
  Slow    Yes        Yes        
  Fast    Yes        Yes        


------------------------------------------------------------------------------------------------
| Report Methodology
| ------------------
------------------------------------------------------------------------------------------------

No report available as report_methodology has not been run prior. Run report_methodology on the current design for the summary of methodology violations.



check_timing report

Table of Contents
-----------------
1. checking no_clock (0)
2. checking constant_clock (0)
3. checking pulse_width_clock (0)
4. checking unconstrained_internal_endpoints (0)
5. checking no_input_delay (0)
6. checking no_output_delay (0)
7. checking multiple_clock (0)
8. checking generated_clocks (0)
9. checking loops (0)
10. checking partial_input_delay (0)
11. checking partial_output_delay (0)
12. checking latch_loops (0)

1. checking no_clock (0)
------------------------
 There are 0 register/latch pins with no clock.


2. checking constant_clock (0)
------------------------------
 There are 0 register/latch pins with constant_clock.


3. checking pulse_width_clock (0)
---------------------------------
 There are 0 register/latch pins which need pulse_width check


4. checking unconstrained_internal_endpoints (0)
------------------------------------------------
 There are 0 pins that are not constrained for maximum delay.

 There are 0 pins that are not constrained for maximum delay due to constant clock.


5. checking no_input_delay (0)
------------------------------
 There are 0 input ports with no input delay specified.

 There are 0 input ports with no input delay but user has a false path constraint.


6. checking no_output_delay (0)
-------------------------------
 There are 0 ports with no output delay specified.

 There are 0 ports with no output delay but user has a false path constraint

 There are 0 ports with no output delay but with a timing clock defined on it or propagating through it


7. checking multiple_clock (0)
------------------------------
 There are 0 register/latch pins with multiple clocks.


8. checking generated_clocks (0)
--------------------------------
 There are 0 generated clocks that are not connected to a clock source.


9. checking loops (0)
---------------------
 There are 0 combinational loops in the design.


10. checking partial_input_delay (0)
------------------------------------
 There are 0 input ports with partial input delay specified.


11. checking partial_output_delay (0)
-------------------------------------
 There are 0 ports with partial output delay specified.


12. checking latch_loops (0)
----------------------------
 There are 0 combinational latch loops in the design through latch input



------------------------------------------------------------------------------------------------
| Design Timing Summary
| ---------------------
------------------------------------------------------------------------------------------------

    WNS(ns)      TNS(ns)  TNS Failing Endpoints  TNS Total Endpoints      WHS(ns)      THS(ns)  THS Failing Endpoints  THS Total Endpoints     WPWS(ns)     TPWS(ns)  TPWS Failing Endpoints  TPWS Total Endpoints  
    -------      -------  ---------------------  -------------------      -------      -------  ---------------------  -------------------     --------     --------  ----------------------  --------------------  
      1.783        0.000                      0                 1933        0.185        0.000                      0                 1933        2.150        0.000                       0                   576  


All user specified timing constraints are met.


------------------------------------------------------------------------------------------------
| Clock Summary
| -------------
------------------------------------------------------------------------------------------------

Clock  Waveform(ns)         Period(ns)      Frequency(MHz)
-----  ------------         ----------      --------------
clk    {0.000 2.500}        5.000           200.000         


------------------------------------------------------------------------------------------------
| Intra Clock Table
| -----------------
------------------------------------------------------------------------------------------------

Clock             WNS(ns)      TNS(ns)  TNS Failing Endpoints  TNS Total Endpoints      WHS(ns)      THS(ns)  THS Failing Endpoints  THS Total Endpoints     WPWS(ns)     TPWS(ns)  TPWS Failing Endpoints  TPWS Total Endpoints  
-----             -------      -------  ---------------------  -------------------      -------      -------  ---------------------  -------------------     --------     --------  ----------------------  --------------------  
clk                 1.783        0.000                      0                 1365        0.185        0.000                      0                 1365        2.150        0.000                       0                   576  


------------------------------------------------------------------------------------------------
| Inter Clock Table
| -----------------
------------------------------------------------------------------------------------------------

From Clock    To Clock          WNS(ns)      TNS(ns)  TNS Failing Endpoints  TNS Total Endpoints      WHS(ns)      THS(ns)  THS Failing Endpoints  THS Total Endpoints  
----------    --------          -------      -------  ---------------------  -------------------      -------      -------  ---------------------  -------------------  


------------------------------------------------------------------------------------------------
| Other Path Groups Table
| -----------------------
------------------------------------------------------------------------------------------------

Path Group         From Clock         To Clock               WNS(ns)      TNS(ns)  TNS Failing Endpoints  TNS Total Endpoints      WHS(ns)      THS(ns)  THS Failing Endpoints  THS Total Endpoints  
----------         ----------         --------               -------      -------  ---------------------  -------------------      -------      -------  ---------------------  -------------------  
**async_default**  clk                clk                      4.265        0.000                      0                  568        0.517        0.000                      0                  568  


------------------------------------------------------------------------------------------------
| Timing Details
| --------------
------------------------------------------------------------------------------------------------


---------------------------------------------------------------------------------------------------
From Clock:  clk
  To Clock:  clk

Setup :            0  Failing Endpoints,  Worst Slack        1.783ns,  Total Violation        0.000ns
Hold  :            0  Failing Endpoints,  Worst Slack        0.185ns,  Total Violation        0.000ns
PW    :            0  Failing Endpoints,  Worst Slack        2.150ns,  Total Violation        0.000ns
---------------------------------------------------------------------------------------------------


Max Delay Paths
--------------------------------------------------------------------------------------
Slack (MET) :             1.783ns  (required time - arrival time)
  Source:                 a_bus[0]
                            (input port clocked by clk  {rise@0.000ns fall@2.500ns period=5.000ns})
  Destination:            mac_array_inst/MAC_ARRAY[0].mac_inst/mult_stage0/A[0]
                            (rising edge-triggered cell DSP48E1 clocked by clk  {rise@0.000ns fall@2.500ns period=5.000ns})
  Path Group:             clk
  Path Type:              Setup (Max at Slow Process Corner)
  Requirement:            5.000ns  (clk rise@5.000ns - clk rise@0.000ns)
  Data Path Delay:        0.537ns  (logic 0.000ns (0.000%)  route 0.537ns (100.000%))
  Logic Levels:           0  
  Input Delay:            0.500ns
  Clock Path Skew:        0.510ns (DCD - SCD + CPR)
    Destination Clock Delay (DCD):    0.510ns = ( 5.510 - 5.000 ) 
    Source Clock Delay      (SCD):    0.000ns
    Clock Pessimism Removal (CPR):    0.000ns
  Clock Uncertainty:      0.035ns  ((TSJ^2 + TIJ^2)^1/2 + DJ) / 2 + PE
    Total System Jitter     (TSJ):    0.071ns
    Total Input Jitter      (TIJ):    0.000ns
    Discrete Jitter          (DJ):    0.000ns
    Phase Error              (PE):    0.000ns

    Location             Delay type                Incr(ns)  Path(ns)    Netlist Resource(s)
  -------------------------------------------------------------------    -------------------
                         (clock clk rise edge)        0.000     0.000 r  
                         input delay                  0.500     0.500    
                                                      0.000     0.500 r  a_bus[0] (IN)
                         net (fo=1, unset)            0.537     1.037    mac_array_inst/MAC_ARRAY[0].mac_inst/a_bus[0]
                         DSP48E1                                      r  mac_array_inst/MAC_ARRAY[0].mac_inst/mult_stage0/A[0]
  -------------------------------------------------------------------    -------------------

                         (clock clk rise edge)        5.000     5.000 r  
                                                      0.000     5.000 r  clk (IN)
                         net (fo=575, unset)          0.510     5.510    mac_array_inst/MAC_ARRAY[0].mac_inst/clk
                         DSP48E1                                      r  mac_array_inst/MAC_ARRAY[0].mac_inst/mult_stage0/CLK
                         clock pessimism              0.000     5.510    
                         clock uncertainty           -0.035     5.475    
                         DSP48E1 (Setup_dsp48e1_CLK_A[0])
                                                     -2.655     2.820    mac_array_inst/MAC_ARRAY[0].mac_inst/mult_stage0
  -------------------------------------------------------------------
                         required time                          2.820    
                         arrival time                          -1.037    
  -------------------------------------------------------------------
                         slack                                  1.783    

Slack (MET) :             1.783ns  (required time - arrival time)
  Source:                 a_bus[10]
                            (input port clocked by clk  {rise@0.000ns fall@2.500ns period=5.000ns})
  Destination:            mac_array_inst/MAC_ARRAY[0].mac_inst/mult_stage0/A[10]
                            (rising edge-triggered cell DSP48E1 clocked by clk  {rise@0.000ns fall@2.500ns period=5.000ns})
  Path Group:             clk
  Path Type:              Setup (Max at Slow Process Corner)
  Requirement:            5.000ns  (clk rise@5.000ns - clk rise@0.000ns)
  Data Path Delay:        0.537ns  (logic 0.000ns (0.000%)  route 0.537ns (100.000%))
  Logic Levels:           0  
  Input Delay:            0.500ns
  Clock Path Skew:        0.510ns (DCD - SCD + CPR)
    Destination Clock Delay (DCD):    0.510ns = ( 5.510 - 5.000 ) 
    Source Clock Delay      (SCD):    0.000ns
    Clock Pessimism Removal (CPR):    0.000ns
  Clock Uncertainty:      0.035ns  ((TSJ^2 + TIJ^2)^1/2 + DJ) / 2 + PE
    Total System Jitter     (TSJ):    0.071ns
    Total Input Jitter      (TIJ):    0.000ns
    Discrete Jitter          (DJ):    0.000ns
    Phase Error              (PE):    0.000ns

    Location             Delay type                Incr(ns)  Path(ns)    Netlist Resource(s)
  -------------------------------------------------------------------    -------------------
                         (clock clk rise edge)        0.000     0.000 r  
                         input delay                  0.500     0.500    
                                                      0.000     0.500 r  a_bus[10] (IN)
                         net (fo=1, unset)            0.537     1.037    mac_array_inst/MAC_ARRAY[0].mac_inst/a_bus[10]
                         DSP48E1                                      r  mac_array_inst/MAC_ARRAY[0].mac_inst/mult_stage0/A[10]
  -------------------------------------------------------------------    -------------------

                         (clock clk rise edge)        5.000     5.000 r  
                                                      0.000     5.000 r  clk (IN)
                         net (fo=575, unset)          0.510     5.510    mac_array_inst/MAC_ARRAY[0].mac_inst/clk
                         DSP48E1                                      r  mac_array_inst/MAC_ARRAY[0].mac_inst/mult_stage0/CLK
                         clock pessimism              0.000     5.510    
                         clock uncertainty           -0.035     5.475    
                         DSP48E1 (Setup_dsp48e1_CLK_A[10])
                                                     -2.655     2.820    mac_array_inst/MAC_ARRAY[0].mac_inst/mult_stage0
  -------------------------------------------------------------------
                         required time                          2.820    
                         arrival time                          -1.037    
  -------------------------------------------------------------------
                         slack                                  1.783    

Slack (MET) :             1.783ns  (required time - arrival time)
  Source:                 a_bus[11]
                            (input port clocked by clk  {rise@0.000ns fall@2.500ns period=5.000ns})
  Destination:            mac_array_inst/MAC_ARRAY[0].mac_inst/mult_stage0/A[11]
                            (rising edge-triggered cell DSP48E1 clocked by clk  {rise@0.000ns fall@2.500ns period=5.000ns})
  Path Group:             clk
  Path Type:              Setup (Max at Slow Process Corner)
  Requirement:            5.000ns  (clk rise@5.000ns - clk rise@0.000ns)
  Data Path Delay:        0.537ns  (logic 0.000ns (0.000%)  route 0.537ns (100.000%))
  Logic Levels:           0  
  Input Delay:            0.500ns
  Clock Path Skew:        0.510ns (DCD - SCD + CPR)
    Destination Clock Delay (DCD):    0.510ns = ( 5.510 - 5.000 ) 
    Source Clock Delay      (SCD):    0.000ns
    Clock Pessimism Removal (CPR):    0.000ns
  Clock Uncertainty:      0.035ns  ((TSJ^2 + TIJ^2)^1/2 + DJ) / 2 + PE
    Total System Jitter     (TSJ):    0.071ns
    Total Input Jitter      (TIJ):    0.000ns
    Discrete Jitter          (DJ):    0.000ns
    Phase Error              (PE):    0.000ns

    Location             Delay type                Incr(ns)  Path(ns)    Netlist Resource(s)
  -------------------------------------------------------------------    -------------------
                         (clock clk rise edge)        0.000     0.000 r  
                         input delay                  0.500     0.500    
                                                      0.000     0.500 r  a_bus[11] (IN)
                         net (fo=1, unset)            0.537     1.037    mac_array_inst/MAC_ARRAY[0].mac_inst/a_bus[11]
                         DSP48E1                                      r  mac_array_inst/MAC_ARRAY[0].mac_inst/mult_stage0/A[11]
  -------------------------------------------------------------------    -------------------

                         (clock clk rise edge)        5.000     5.000 r  
                                                      0.000     5.000 r  clk (IN)
                         net (fo=575, unset)          0.510     5.510    mac_array_inst/MAC_ARRAY[0].mac_inst/clk
                         DSP48E1                                      r  mac_array_inst/MAC_ARRAY[0].mac_inst/mult_stage0/CLK
                         clock pessimism              0.000     5.510    
                         clock uncertainty           -0.035     5.475    
                         DSP48E1 (Setup_dsp48e1_CLK_A[11])
                                                     -2.655     2.820    mac_array_inst/MAC_ARRAY[0].mac_inst/mult_stage0
  -------------------------------------------------------------------
                         required time                          2.820    
                         arrival time                          -1.037    
  -------------------------------------------------------------------
                         slack                                  1.783    

Slack (MET) :             1.783ns  (required time - arrival time)
  Source:                 a_bus[12]
                            (input port clocked by clk  {rise@0.000ns fall@2.500ns period=5.000ns})
  Destination:            mac_array_inst/MAC_ARRAY[0].mac_inst/mult_stage0/A[12]
                            (rising edge-triggered cell DSP48E1 clocked by clk  {rise@0.000ns fall@2.500ns period=5.000ns})
  Path Group:             clk
  Path Type:              Setup (Max at Slow Process Corner)
  Requirement:            5.000ns  (clk rise@5.000ns - clk rise@0.000ns)
  Data Path Delay:        0.537ns  (logic 0.000ns (0.000%)  route 0.537ns (100.000%))
  Logic Levels:           0  
  Input Delay:            0.500ns
  Clock Path Skew:        0.510ns (DCD - SCD + CPR)
    Destination Clock Delay (DCD):    0.510ns = ( 5.510 - 5.000 ) 
    Source Clock Delay      (SCD):    0.000ns
    Clock Pessimism Removal (CPR):    0.000ns
  Clock Uncertainty:      0.035ns  ((TSJ^2 + TIJ^2)^1/2 + DJ) / 2 + PE
    Total System Jitter     (TSJ):    0.071ns
    Total Input Jitter      (TIJ):    0.000ns
    Discrete Jitter          (DJ):    0.000ns
    Phase Error              (PE):    0.000ns

    Location             Delay type                Incr(ns)  Path(ns)    Netlist Resource(s)
  -------------------------------------------------------------------    -------------------
                         (clock clk rise edge)        0.000     0.000 r  
                         input delay                  0.500     0.500    
                                                      0.000     0.500 r  a_bus[12] (IN)
                         net (fo=1, unset)            0.537     1.037    mac_array_inst/MAC_ARRAY[0].mac_inst/a_bus[12]
                         DSP48E1                                      r  mac_array_inst/MAC_ARRAY[0].mac_inst/mult_stage0/A[12]
  -------------------------------------------------------------------    -------------------

                         (clock clk rise edge)        5.000     5.000 r  
                                                      0.000     5.000 r  clk (IN)
                         net (fo=575, unset)          0.510     5.510    mac_array_inst/MAC_ARRAY[0].mac_inst/clk
                         DSP48E1                                      r  mac_array_inst/MAC_ARRAY[0].mac_inst/mult_stage0/CLK
                         clock pessimism              0.000     5.510    
                         clock uncertainty           -0.035     5.475    
                         DSP48E1 (Setup_dsp48e1_CLK_A[12])
                                                     -2.655     2.820    mac_array_inst/MAC_ARRAY[0].mac_inst/mult_stage0
  -------------------------------------------------------------------
                         required time                          2.820    
                         arrival time                          -1.037    
  -------------------------------------------------------------------
                         slack                                  1.783    

Slack (MET) :             1.783ns  (required time - arrival time)
  Source:                 a_bus[13]
                            (input port clocked by clk  {rise@0.000ns fall@2.500ns period=5.000ns})
  Destination:            mac_array_inst/MAC_ARRAY[0].mac_inst/mult_stage0/A[13]
                            (rising edge-triggered cell DSP48E1 clocked by clk  {rise@0.000ns fall@2.500ns period=5.000ns})
  Path Group:             clk
  Path Type:              Setup (Max at Slow Process Corner)
  Requirement:            5.000ns  (clk rise@5.000ns - clk rise@0.000ns)
  Data Path Delay:        0.537ns  (logic 0.000ns (0.000%)  route 0.537ns (100.000%))
  Logic Levels:           0  
  Input Delay:            0.500ns
  Clock Path Skew:        0.510ns (DCD - SCD + CPR)
    Destination Clock Delay (DCD):    0.510ns = ( 5.510 - 5.000 ) 
    Source Clock Delay      (SCD):    0.000ns
    Clock Pessimism Removal (CPR):    0.000ns
  Clock Uncertainty:      0.035ns  ((TSJ^2 + TIJ^2)^1/2 + DJ) / 2 + PE
    Total System Jitter     (TSJ):    0.071ns
    Total Input Jitter      (TIJ):    0.000ns
    Discrete Jitter          (DJ):    0.000ns
    Phase Error              (PE):    0.000ns

    Location             Delay type                Incr(ns)  Path(ns)    Netlist Resource(s)
  -------------------------------------------------------------------    -------------------
                         (clock clk rise edge)        0.000     0.000 r  
                         input delay                  0.500     0.500    
                                                      0.000     0.500 r  a_bus[13] (IN)
                         net (fo=1, unset)            0.537     1.037    mac_array_inst/MAC_ARRAY[0].mac_inst/a_bus[13]
                         DSP48E1                                      r  mac_array_inst/MAC_ARRAY[0].mac_inst/mult_stage0/A[13]
  -------------------------------------------------------------------    -------------------

                         (clock clk rise edge)        5.000     5.000 r  
                                                      0.000     5.000 r  clk (IN)
                         net (fo=575, unset)          0.510     5.510    mac_array_inst/MAC_ARRAY[0].mac_inst/clk
                         DSP48E1                                      r  mac_array_inst/MAC_ARRAY[0].mac_inst/mult_stage0/CLK
                         clock pessimism              0.000     5.510    
                         clock uncertainty           -0.035     5.475    
                         DSP48E1 (Setup_dsp48e1_CLK_A[13])
                                                     -2.655     2.820    mac_array_inst/MAC_ARRAY[0].mac_inst/mult_stage0
  -------------------------------------------------------------------
                         required time                          2.820    
                         arrival time                          -1.037    
  -------------------------------------------------------------------
                         slack                                  1.783    





Min Delay Paths
--------------------------------------------------------------------------------------
Slack (MET) :             0.185ns  (arrival time - required time)
  Source:                 mac_array_inst/MAC_ARRAY[1].mac_inst/update_out_reg/C
                            (rising edge-triggered cell FDCE clocked by clk  {rise@0.000ns fall@2.500ns period=5.000ns})
  Destination:            adder_tree_inst/l1_chg_reg[0]/D
                            (rising edge-triggered cell FDCE clocked by clk  {rise@0.000ns fall@2.500ns period=5.000ns})
  Path Group:             clk
  Path Type:              Hold (Min at Fast Process Corner)
  Requirement:            0.000ns  (clk rise@0.000ns - clk rise@0.000ns)
  Data Path Delay:        0.268ns  (logic 0.168ns (62.646%)  route 0.100ns (37.354%))
  Logic Levels:           1  (LUT2=1)
  Clock Path Skew:        0.014ns (DCD - SCD - CPR)
    Destination Clock Delay (DCD):    0.280ns
    Source Clock Delay      (SCD):    0.266ns
    Clock Pessimism Removal (CPR):    -0.000ns

    Location             Delay type                Incr(ns)  Path(ns)    Netlist Resource(s)
  -------------------------------------------------------------------    -------------------
                         (clock clk rise edge)        0.000     0.000 r  
                                                      0.000     0.000 r  clk (IN)
                         net (fo=575, unset)          0.266     0.266    mac_array_inst/MAC_ARRAY[1].mac_inst/clk
                         FDCE                                         r  mac_array_inst/MAC_ARRAY[1].mac_inst/update_out_reg/C
  -------------------------------------------------------------------    -------------------
                         FDCE (Prop_fdce_C_Q)         0.104     0.370 r  mac_array_inst/MAC_ARRAY[1].mac_inst/update_out_reg/Q
                         net (fo=2, unplaced)         0.100     0.470    mac_array_inst/MAC_ARRAY[0].mac_inst/l1_chg_reg[0][0]
                         LUT2 (Prop_lut2_I1_O)        0.064     0.534 r  mac_array_inst/MAC_ARRAY[0].mac_inst/l1_chg[0]_i_1/O
                         net (fo=1, unplaced)         0.000     0.534    adder_tree_inst/l1_chg_reg[3]_0[0]
                         FDCE                                         r  adder_tree_inst/l1_chg_reg[0]/D
  -------------------------------------------------------------------    -------------------

                         (clock clk rise edge)        0.000     0.000 r  
                                                      0.000     0.000 r  clk (IN)
                         net (fo=575, unset)          0.280     0.280    adder_tree_inst/clk
                         FDCE                                         r  adder_tree_inst/l1_chg_reg[0]/C
                         clock pessimism              0.000     0.280    
                         FDCE (Hold_fdce_C_D)         0.069     0.349    adder_tree_inst/l1_chg_reg[0]
  -------------------------------------------------------------------
                         required time                         -0.349    
                         arrival time                           0.534    
  -------------------------------------------------------------------
                         slack                                  0.185    

Slack (MET) :             0.185ns  (arrival time - required time)
  Source:                 mac_array_inst/MAC_ARRAY[3].mac_inst/update_out_reg/C
                            (rising edge-triggered cell FDCE clocked by clk  {rise@0.000ns fall@2.500ns period=5.000ns})
  Destination:            adder_tree_inst/l1_chg_reg[1]/D
                            (rising edge-triggered cell FDCE clocked by clk  {rise@0.000ns fall@2.500ns period=5.000ns})
  Path Group:             clk
  Path Type:              Hold (Min at Fast Process Corner)
  Requirement:            0.000ns  (clk rise@0.000ns - clk rise@0.000ns)
  Data Path Delay:        0.268ns  (logic 0.168ns (62.646%)  route 0.100ns (37.354%))
  Logic Levels:           1  (LUT2=1)
  Clock Path Skew:        0.014ns (DCD - SCD - CPR)
    Destination Clock Delay (DCD):    0.280ns
    Source Clock Delay      (SCD):    0.266ns
    Clock Pessimism Removal (CPR):    -0.000ns

    Location             Delay type                Incr(ns)  Path(ns)    Netlist Resource(s)
  -------------------------------------------------------------------    -------------------
                         (clock clk rise edge)        0.000     0.000 r  
                                                      0.000     0.000 r  clk (IN)
                         net (fo=575, unset)          0.266     0.266    mac_array_inst/MAC_ARRAY[3].mac_inst/clk
                         FDCE                                         r  mac_array_inst/MAC_ARRAY[3].mac_inst/update_out_reg/C
  -------------------------------------------------------------------    -------------------
                         FDCE (Prop_fdce_C_Q)         0.104     0.370 r  mac_array_inst/MAC_ARRAY[3].mac_inst/update_out_reg/Q
                         net (fo=2, unplaced)         0.100     0.470    mac_array_inst/MAC_ARRAY[2].mac_inst/level1_reg[3][32][2]
                         LUT2 (Prop_lut2_I1_O)        0.064     0.534 r  mac_array_inst/MAC_ARRAY[2].mac_inst/l1_chg[1]_i_1/O
                         net (fo=1, unplaced)         0.000     0.534    adder_tree_inst/l1_chg_reg[3]_0[1]
                         FDCE                                         r  adder_tree_inst/l1_chg_reg[1]/D
  -------------------------------------------------------------------    -------------------

                         (clock clk rise edge)        0.000     0.000 r  
                                                      0.000     0.000 r  clk (IN)
                         net (fo=575, unset)          0.280     0.280    adder_tree_inst/clk
                         FDCE                                         r  adder_tree_inst/l1_chg_reg[1]/C
                         clock pessimism              0.000     0.280    
                         FDCE (Hold_fdce_C_D)         0.069     0.349    adder_tree_inst/l1_chg_reg[1]
  -------------------------------------------------------------------
                         required time                         -0.349    
                         arrival time                           0.534    
  -------------------------------------------------------------------
                         slack                                  0.185    

Slack (MET) :             0.185ns  (arrival time - required time)
  Source:                 mac_array_inst/MAC_ARRAY[5].mac_inst/update_out_reg/C
                            (rising edge-triggered cell FDCE clocked by clk  {rise@0.000ns fall@2.500ns period=5.000ns})
  Destination:            adder_tree_inst/l1_chg_reg[2]/D
                            (rising edge-triggered cell FDCE clocked by clk  {rise@0.000ns fall@2.500ns period=5.000ns})
  Path Group:             clk
  Path Type:              Hold (Min at Fast Process Corner)
  Requirement:            0.000ns  (clk rise@0.000ns - clk rise@0.000ns)
  Data Path Delay:        0.268ns  (logic 0.168ns (62.646%)  route 0.100ns (37.354%))
  Logic Levels:           1  (LUT2=1)
  Clock Path Skew:        0.014ns (DCD - SCD - CPR)
    Destination Clock Delay (DCD):    0.280ns
    Source Clock Delay      (SCD):    0.266ns
    Clock Pessimism Removal (CPR):    -0.000ns

    Location             Delay type                Incr(ns)  Path(ns)    Netlist Resource(s)
  -------------------------------------------------------------------    -------------------
                         (clock clk rise edge)        0.000     0.000 r  
                                                      0.000     0.000 r  clk (IN)
                         net (fo=575, unset)          0.266     0.266    mac_array_inst/MAC_ARRAY[5].mac_inst/clk
                         FDCE                                         r  mac_array_inst/MAC_ARRAY[5].mac_inst/update_out_reg/C
  -------------------------------------------------------------------    -------------------
                         FDCE (Prop_fdce_C_Q)         0.104     0.370 r  mac_array_inst/MAC_ARRAY[5].mac_inst/update_out_reg/Q
                         net (fo=2, unplaced)         0.100     0.470    mac_array_inst/MAC_ARRAY[4].mac_inst/l1_chg_reg[2][0]
                         LUT2 (Prop_lut2_I1_O)        0.064     0.534 r  mac_array_inst/MAC_ARRAY[4].mac_inst/l1_chg[2]_i_1/O
                         net (fo=1, unplaced)         0.000     0.534    adder_tree_inst/l1_chg_reg[3]_0[2]
                         FDCE                                         r  adder_tree_inst/l1_chg_reg[2]/D
  -------------------------------------------------------------------    -------------------

                         (clock clk rise edge)        0.000     0.000 r  
                                                      0.000     0.000 r  clk (IN)
                         net (fo=575, unset)          0.280     0.280    adder_tree_inst/clk
                         FDCE                                         r  adder_tree_inst/l1_chg_reg[2]/C
                         clock pessimism              0.000     0.280    
                         FDCE (Hold_fdce_C_D)         0.069     0.349    adder_tree_inst/l1_chg_reg[2]
  -------------------------------------------------------------------
                         required time                         -0.349    
                         arrival time                           0.534    
  -------------------------------------------------------------------
                         slack                                  0.185    

Slack (MET) :             0.185ns  (arrival time - required time)
  Source:                 mac_array_inst/MAC_ARRAY[7].mac_inst/update_out_reg/C
                            (rising edge-triggered cell FDCE clocked by clk  {rise@0.000ns fall@2.500ns period=5.000ns})
  Destination:            adder_tree_inst/l1_chg_reg[3]/D
                            (rising edge-triggered cell FDCE clocked by clk  {rise@0.000ns fall@2.500ns period=5.000ns})
  Path Group:             clk
  Path Type:              Hold (Min at Fast Process Corner)
  Requirement:            0.000ns  (clk rise@0.000ns - clk rise@0.000ns)
  Data Path Delay:        0.268ns  (logic 0.168ns (62.646%)  route 0.100ns (37.354%))
  Logic Levels:           1  (LUT2=1)
  Clock Path Skew:        0.014ns (DCD - SCD - CPR)
    Destination Clock Delay (DCD):    0.280ns
    Source Clock Delay      (SCD):    0.266ns
    Clock Pessimism Removal (CPR):    -0.000ns

    Location             Delay type                Incr(ns)  Path(ns)    Netlist Resource(s)
  -------------------------------------------------------------------    -------------------
                         (clock clk rise edge)        0.000     0.000 r  
                                                      0.000     0.000 r  clk (IN)
                         net (fo=575, unset)          0.266     0.266    mac_array_inst/MAC_ARRAY[7].mac_inst/clk
                         FDCE                                         r  mac_array_inst/MAC_ARRAY[7].mac_inst/update_out_reg/C
  -------------------------------------------------------------------    -------------------
                         FDCE (Prop_fdce_C_Q)         0.104     0.370 r  mac_array_inst/MAC_ARRAY[7].mac_inst/update_out_reg/Q
                         net (fo=2, unplaced)         0.100     0.470    mac_array_inst/MAC_ARRAY[6].mac_inst/l1_chg_reg[3][0]
                         LUT2 (Prop_lut2_I1_O)        0.064     0.534 r  mac_array_inst/MAC_ARRAY[6].mac_inst/l1_chg[3]_i_2/O
                         net (fo=1, unplaced)         0.000     0.534    adder_tree_inst/l1_chg_reg[3]_0[3]
                         FDCE                                         r  adder_tree_inst/l1_chg_reg[3]/D
  -------------------------------------------------------------------    -------------------

                         (clock clk rise edge)        0.000     0.000 r  
                                                      0.000     0.000 r  clk (IN)
                         net (fo=575, unset)          0.280     0.280    adder_tree_inst/clk
                         FDCE                                         r  adder_tree_inst/l1_chg_reg[3]/C
                         clock pessimism              0.000     0.280    
                         FDCE (Hold_fdce_C_D)         0.069     0.349    adder_tree_inst/l1_chg_reg[3]
  -------------------------------------------------------------------
                         required time                         -0.349    
                         arrival time                           0.534    
  -------------------------------------------------------------------
                         slack                                  0.185    

Slack (MET) :             0.185ns  (arrival time - required time)
  Source:                 adder_tree_inst/l1_chg_reg[1]/C
                            (rising edge-triggered cell FDCE clocked by clk  {rise@0.000ns fall@2.500ns period=5.000ns})
  Destination:            adder_tree_inst/l2_chg_reg[0]/D
                            (rising edge-triggered cell FDCE clocked by clk  {rise@0.000ns fall@2.500ns period=5.000ns})
  Path Group:             clk
  Path Type:              Hold (Min at Fast Process Corner)
  Requirement:            0.000ns  (clk rise@0.000ns - clk rise@0.000ns)
  Data Path Delay:        0.268ns  (logic 0.168ns (62.646%)  route 0.100ns (37.354%))
  Logic Levels:           1  (LUT2=1)
  Clock Path Skew:        0.014ns (DCD - SCD - CPR)
    Destination Clock Delay (DCD):    0.280ns
    Source Clock Delay      (SCD):    0.266ns
    Clock Pessimism Removal (CPR):    -0.000ns

    Location             Delay type                Incr(ns)  Path(ns)    Netlist Resource(s)
  -------------------------------------------------------------------    -------------------
                         (clock clk rise edge)        0.000     0.000 r  
                                                      0.000     0.000 r  clk (IN)
                         net (fo=575, unset)          0.266     0.266    adder_tree_inst/clk
                         FDCE                                         r  adder_tree_inst/l1_chg_reg[1]/C
  -------------------------------------------------------------------    -------------------
                         FDCE (Prop_fdce_C_Q)         0.104     0.370 r  adder_tree_inst/l1_chg_reg[1]/Q
                         net (fo=2, unplaced)         0.100     0.470    adder_tree_inst/l1_chg_reg_n_0_[1]
                         LUT2 (Prop_lut2_I1_O)        0.064     0.534 r  adder_tree_inst/l2_chg[0]_i_1/O
                         net (fo=1, unplaced)         0.000     0.534    adder_tree_inst/l2_en_raw0
                         FDCE                                         r  adder_tree_inst/l2_chg_reg[0]/D
  -------------------------------------------------------------------    -------------------

                         (clock clk rise edge)        0.000     0.000 r  
                                                      0.000     0.000 r  clk (IN)
                         net (fo=575, unset)          0.280     0.280    adder_tree_inst/clk
                         FDCE                                         r  adder_tree_inst/l2_chg_reg[0]/C
                         clock pessimism              0.000     0.280    
                         FDCE (Hold_fdce_C_D)         0.069     0.349    adder_tree_inst/l2_chg_reg[0]
  -------------------------------------------------------------------
                         required time                         -0.349    
                         arrival time                           0.534    
  -------------------------------------------------------------------
                         slack                                  0.185    





Pulse Width Checks
--------------------------------------------------------------------------------------
Clock Name:         clk
Waveform(ns):       { 0.000 2.500 }
Period(ns):         5.000
Sources:            { clk }

Check Type        Corner  Lib Pin      Reference Pin  Required(ns)  Actual(ns)  Slack(ns)  Location  Pin
Min Period        n/a     DSP48E1/CLK  n/a            1.538         5.000       3.462                mac_array_inst/MAC_ARRAY[0].mac_inst/mult_stage0/CLK
Min Period        n/a     DSP48E1/CLK  n/a            1.538         5.000       3.462                mac_array_inst/MAC_ARRAY[1].mac_inst/mult_stage0/CLK
Min Period        n/a     DSP48E1/CLK  n/a            1.538         5.000       3.462                mac_array_inst/MAC_ARRAY[2].mac_inst/mult_stage0/CLK
Min Period        n/a     DSP48E1/CLK  n/a            1.538         5.000       3.462                mac_array_inst/MAC_ARRAY[3].mac_inst/mult_stage0/CLK
Min Period        n/a     DSP48E1/CLK  n/a            1.538         5.000       3.462                mac_array_inst/MAC_ARRAY[4].mac_inst/mult_stage0/CLK
Low Pulse Width   Slow    FDCE/C       n/a            0.350         2.500       2.150                acc_reg[0]_i_10/C
Low Pulse Width   Fast    FDCE/C       n/a            0.350         2.500       2.150                acc_reg[0]_i_10/C
Low Pulse Width   Slow    FDCE/C       n/a            0.350         2.500       2.150                acc_reg[0]_i_10__0/C
Low Pulse Width   Fast    FDCE/C       n/a            0.350         2.500       2.150                acc_reg[0]_i_10__0/C
Low Pulse Width   Slow    FDCE/C       n/a            0.350         2.500       2.150                acc_reg[0]_i_10__1/C
High Pulse Width  Slow    FDCE/C       n/a            0.350         2.500       2.150                acc_reg[0]_i_10/C
High Pulse Width  Fast    FDCE/C       n/a            0.350         2.500       2.150                acc_reg[0]_i_10/C
High Pulse Width  Slow    FDCE/C       n/a            0.350         2.500       2.150                acc_reg[0]_i_10__0/C
High Pulse Width  Fast    FDCE/C       n/a            0.350         2.500       2.150                acc_reg[0]_i_10__0/C
High Pulse Width  Slow    FDCE/C       n/a            0.350         2.500       2.150                acc_reg[0]_i_10__1/C



---------------------------------------------------------------------------------------------------
Path Group:  **async_default**
From Clock:  clk
  To Clock:  clk

Setup :            0  Failing Endpoints,  Worst Slack        4.265ns,  Total Violation        0.000ns
Hold  :            0  Failing Endpoints,  Worst Slack        0.517ns,  Total Violation        0.000ns
---------------------------------------------------------------------------------------------------


Max Delay Paths
--------------------------------------------------------------------------------------
Slack (MET) :             4.265ns  (required time - arrival time)
  Source:                 rst
                            (input port clocked by clk  {rise@0.000ns fall@2.500ns period=5.000ns})
  Destination:            acc_reg[0]_i_10/CLR
                            (recovery check against rising-edge clock clk  {rise@0.000ns fall@2.500ns period=5.000ns})
  Path Group:             **async_default**
  Path Type:              Recovery (Max at Slow Process Corner)
  Requirement:            5.000ns  (clk rise@5.000ns - clk rise@0.000ns)
  Data Path Delay:        0.537ns  (logic 0.000ns (0.000%)  route 0.537ns (100.000%))
  Logic Levels:           0  
  Input Delay:            0.500ns
  Clock Path Skew:        0.510ns (DCD - SCD + CPR)
    Destination Clock Delay (DCD):    0.510ns = ( 5.510 - 5.000 ) 
    Source Clock Delay      (SCD):    0.000ns
    Clock Pessimism Removal (CPR):    0.000ns
  Clock Uncertainty:      0.035ns  ((TSJ^2 + TIJ^2)^1/2 + DJ) / 2 + PE
    Total System Jitter     (TSJ):    0.071ns
    Total Input Jitter      (TIJ):    0.000ns
    Discrete Jitter          (DJ):    0.000ns
    Phase Error              (PE):    0.000ns

    Location             Delay type                Incr(ns)  Path(ns)    Netlist Resource(s)
  -------------------------------------------------------------------    -------------------
                         (clock clk rise edge)        0.000     0.000 r  
                         input delay                  0.500     0.500    
                                                      0.000     0.500 f  rst (IN)
                         net (fo=567, unset)          0.537     1.037    rst
                         FDCE                                         f  acc_reg[0]_i_10/CLR
  -------------------------------------------------------------------    -------------------

                         (clock clk rise edge)        5.000     5.000 r  
                                                      0.000     5.000 r  clk (IN)
                         net (fo=575, unset)          0.510     5.510    clk
                         FDCE                                         r  acc_reg[0]_i_10/C
                         clock pessimism              0.000     5.510    
                         clock uncertainty           -0.035     5.475    
                         FDCE (Recov_fdce_C_CLR)     -0.173     5.302    acc_reg[0]_i_10
  -------------------------------------------------------------------
                         required time                          5.302    
                         arrival time                          -1.037    
  -------------------------------------------------------------------
                         slack                                  4.265    

Slack (MET) :             4.265ns  (required time - arrival time)
  Source:                 rst
                            (input port clocked by clk  {rise@0.000ns fall@2.500ns period=5.000ns})
  Destination:            acc_reg[0]_i_10__0/CLR
                            (recovery check against rising-edge clock clk  {rise@0.000ns fall@2.500ns period=5.000ns})
  Path Group:             **async_default**
  Path Type:              Recovery (Max at Slow Process Corner)
  Requirement:            5.000ns  (clk rise@5.000ns - clk rise@0.000ns)
  Data Path Delay:        0.537ns  (logic 0.000ns (0.000%)  route 0.537ns (100.000%))
  Logic Levels:           0  
  Input Delay:            0.500ns
  Clock Path Skew:        0.510ns (DCD - SCD + CPR)
    Destination Clock Delay (DCD):    0.510ns = ( 5.510 - 5.000 ) 
    Source Clock Delay      (SCD):    0.000ns
    Clock Pessimism Removal (CPR):    0.000ns
  Clock Uncertainty:      0.035ns  ((TSJ^2 + TIJ^2)^1/2 + DJ) / 2 + PE
    Total System Jitter     (TSJ):    0.071ns
    Total Input Jitter      (TIJ):    0.000ns
    Discrete Jitter          (DJ):    0.000ns
    Phase Error              (PE):    0.000ns

    Location             Delay type                Incr(ns)  Path(ns)    Netlist Resource(s)
  -------------------------------------------------------------------    -------------------
                         (clock clk rise edge)        0.000     0.000 r  
                         input delay                  0.500     0.500    
                                                      0.000     0.500 f  rst (IN)
                         net (fo=567, unset)          0.537     1.037    rst
                         FDCE                                         f  acc_reg[0]_i_10__0/CLR
  -------------------------------------------------------------------    -------------------

                         (clock clk rise edge)        5.000     5.000 r  
                                                      0.000     5.000 r  clk (IN)
                         net (fo=575, unset)          0.510     5.510    clk
                         FDCE                                         r  acc_reg[0]_i_10__0/C
                         clock pessimism              0.000     5.510    
                         clock uncertainty           -0.035     5.475    
                         FDCE (Recov_fdce_C_CLR)     -0.173     5.302    acc_reg[0]_i_10__0
  -------------------------------------------------------------------
                         required time                          5.302    
                         arrival time                          -1.037    
  -------------------------------------------------------------------
                         slack                                  4.265    

Slack (MET) :             4.265ns  (required time - arrival time)
  Source:                 rst
                            (input port clocked by clk  {rise@0.000ns fall@2.500ns period=5.000ns})
  Destination:            acc_reg[0]_i_10__1/CLR
                            (recovery check against rising-edge clock clk  {rise@0.000ns fall@2.500ns period=5.000ns})
  Path Group:             **async_default**
  Path Type:              Recovery (Max at Slow Process Corner)
  Requirement:            5.000ns  (clk rise@5.000ns - clk rise@0.000ns)
  Data Path Delay:        0.537ns  (logic 0.000ns (0.000%)  route 0.537ns (100.000%))
  Logic Levels:           0  
  Input Delay:            0.500ns
  Clock Path Skew:        0.510ns (DCD - SCD + CPR)
    Destination Clock Delay (DCD):    0.510ns = ( 5.510 - 5.000 ) 
    Source Clock Delay      (SCD):    0.000ns
    Clock Pessimism Removal (CPR):    0.000ns
  Clock Uncertainty:      0.035ns  ((TSJ^2 + TIJ^2)^1/2 + DJ) / 2 + PE
    Total System Jitter     (TSJ):    0.071ns
    Total Input Jitter      (TIJ):    0.000ns
    Discrete Jitter          (DJ):    0.000ns
    Phase Error              (PE):    0.000ns

    Location             Delay type                Incr(ns)  Path(ns)    Netlist Resource(s)
  -------------------------------------------------------------------    -------------------
                         (clock clk rise edge)        0.000     0.000 r  
                         input delay                  0.500     0.500    
                                                      0.000     0.500 f  rst (IN)
                         net (fo=567, unset)          0.537     1.037    rst
                         FDCE                                         f  acc_reg[0]_i_10__1/CLR
  -------------------------------------------------------------------    -------------------

                         (clock clk rise edge)        5.000     5.000 r  
                                                      0.000     5.000 r  clk (IN)
                         net (fo=575, unset)          0.510     5.510    clk
                         FDCE                                         r  acc_reg[0]_i_10__1/C
                         clock pessimism              0.000     5.510    
                         clock uncertainty           -0.035     5.475    
                         FDCE (Recov_fdce_C_CLR)     -0.173     5.302    acc_reg[0]_i_10__1
  -------------------------------------------------------------------
                         required time                          5.302    
                         arrival time                          -1.037    
  -------------------------------------------------------------------
                         slack                                  4.265    

Slack (MET) :             4.265ns  (required time - arrival time)
  Source:                 rst
                            (input port clocked by clk  {rise@0.000ns fall@2.500ns period=5.000ns})
  Destination:            acc_reg[0]_i_10__2/CLR
                            (recovery check against rising-edge clock clk  {rise@0.000ns fall@2.500ns period=5.000ns})
  Path Group:             **async_default**
  Path Type:              Recovery (Max at Slow Process Corner)
  Requirement:            5.000ns  (clk rise@5.000ns - clk rise@0.000ns)
  Data Path Delay:        0.537ns  (logic 0.000ns (0.000%)  route 0.537ns (100.000%))
  Logic Levels:           0  
  Input Delay:            0.500ns
  Clock Path Skew:        0.510ns (DCD - SCD + CPR)
    Destination Clock Delay (DCD):    0.510ns = ( 5.510 - 5.000 ) 
    Source Clock Delay      (SCD):    0.000ns
    Clock Pessimism Removal (CPR):    0.000ns
  Clock Uncertainty:      0.035ns  ((TSJ^2 + TIJ^2)^1/2 + DJ) / 2 + PE
    Total System Jitter     (TSJ):    0.071ns
    Total Input Jitter      (TIJ):    0.000ns
    Discrete Jitter          (DJ):    0.000ns
    Phase Error              (PE):    0.000ns

    Location             Delay type                Incr(ns)  Path(ns)    Netlist Resource(s)
  -------------------------------------------------------------------    -------------------
                         (clock clk rise edge)        0.000     0.000 r  
                         input delay                  0.500     0.500    
                                                      0.000     0.500 f  rst (IN)
                         net (fo=567, unset)          0.537     1.037    rst
                         FDCE                                         f  acc_reg[0]_i_10__2/CLR
  -------------------------------------------------------------------    -------------------

                         (clock clk rise edge)        5.000     5.000 r  
                                                      0.000     5.000 r  clk (IN)
                         net (fo=575, unset)          0.510     5.510    clk
                         FDCE                                         r  acc_reg[0]_i_10__2/C
                         clock pessimism              0.000     5.510    
                         clock uncertainty           -0.035     5.475    
                         FDCE (Recov_fdce_C_CLR)     -0.173     5.302    acc_reg[0]_i_10__2
  -------------------------------------------------------------------
                         required time                          5.302    
                         arrival time                          -1.037    
  -------------------------------------------------------------------
                         slack                                  4.265    

Slack (MET) :             4.265ns  (required time - arrival time)
  Source:                 rst
                            (input port clocked by clk  {rise@0.000ns fall@2.500ns period=5.000ns})
  Destination:            acc_reg[0]_i_10__3/CLR
                            (recovery check against rising-edge clock clk  {rise@0.000ns fall@2.500ns period=5.000ns})
  Path Group:             **async_default**
  Path Type:              Recovery (Max at Slow Process Corner)
  Requirement:            5.000ns  (clk rise@5.000ns - clk rise@0.000ns)
  Data Path Delay:        0.537ns  (logic 0.000ns (0.000%)  route 0.537ns (100.000%))
  Logic Levels:           0  
  Input Delay:            0.500ns
  Clock Path Skew:        0.510ns (DCD - SCD + CPR)
    Destination Clock Delay (DCD):    0.510ns = ( 5.510 - 5.000 ) 
    Source Clock Delay      (SCD):    0.000ns
    Clock Pessimism Removal (CPR):    0.000ns
  Clock Uncertainty:      0.035ns  ((TSJ^2 + TIJ^2)^1/2 + DJ) / 2 + PE
    Total System Jitter     (TSJ):    0.071ns
    Total Input Jitter      (TIJ):    0.000ns
    Discrete Jitter          (DJ):    0.000ns
    Phase Error              (PE):    0.000ns

    Location             Delay type                Incr(ns)  Path(ns)    Netlist Resource(s)
  -------------------------------------------------------------------    -------------------
                         (clock clk rise edge)        0.000     0.000 r  
                         input delay                  0.500     0.500    
                                                      0.000     0.500 f  rst (IN)
                         net (fo=567, unset)          0.537     1.037    rst
                         FDCE                                         f  acc_reg[0]_i_10__3/CLR
  -------------------------------------------------------------------    -------------------

                         (clock clk rise edge)        5.000     5.000 r  
                                                      0.000     5.000 r  clk (IN)
                         net (fo=575, unset)          0.510     5.510    clk
                         FDCE                                         r  acc_reg[0]_i_10__3/C
                         clock pessimism              0.000     5.510    
                         clock uncertainty           -0.035     5.475    
                         FDCE (Recov_fdce_C_CLR)     -0.173     5.302    acc_reg[0]_i_10__3
  -------------------------------------------------------------------
                         required time                          5.302    
                         arrival time                          -1.037    
  -------------------------------------------------------------------
                         slack                                  4.265    





Min Delay Paths
--------------------------------------------------------------------------------------
Slack (MET) :             0.517ns  (arrival time - required time)
  Source:                 rst
                            (input port clocked by clk  {rise@0.000ns fall@2.500ns period=5.000ns})
  Destination:            acc_reg[0]_i_10/CLR
                            (removal check against rising-edge clock clk  {rise@0.000ns fall@2.500ns period=5.000ns})
  Path Group:             **async_default**
  Path Type:              Removal (Min at Fast Process Corner)
  Requirement:            0.000ns  (clk rise@0.000ns - clk rise@0.000ns)
  Data Path Delay:        0.266ns  (logic 0.000ns (0.000%)  route 0.266ns (100.000%))
  Logic Levels:           0  
  Input Delay:            0.500ns
  Clock Path Skew:        0.280ns (DCD - SCD - CPR)
    Destination Clock Delay (DCD):    0.280ns
    Source Clock Delay      (SCD):    0.000ns
    Clock Pessimism Removal (CPR):    -0.000ns
  Clock Uncertainty:      0.035ns  ((TSJ^2 + TIJ^2)^1/2 + DJ) / 2 + PE
    Total System Jitter     (TSJ):    0.071ns
    Total Input Jitter      (TIJ):    0.000ns
    Discrete Jitter          (DJ):    0.000ns
    Phase Error              (PE):    0.000ns

    Location             Delay type                Incr(ns)  Path(ns)    Netlist Resource(s)
  -------------------------------------------------------------------    -------------------
                         (clock clk rise edge)        0.000     0.000 r  
                         input delay                  0.500     0.500    
                                                      0.000     0.500 f  rst (IN)
                         net (fo=567, unset)          0.266     0.766    rst
                         FDCE                                         f  acc_reg[0]_i_10/CLR
  -------------------------------------------------------------------    -------------------

                         (clock clk rise edge)        0.000     0.000 r  
                                                      0.000     0.000 r  clk (IN)
                         net (fo=575, unset)          0.280     0.280    clk
                         FDCE                                         r  acc_reg[0]_i_10/C
                         clock pessimism              0.000     0.280    
                         clock uncertainty            0.035     0.316    
                         FDCE (Remov_fdce_C_CLR)     -0.066     0.250    acc_reg[0]_i_10
  -------------------------------------------------------------------
                         required time                         -0.250    
                         arrival time                           0.766    
  -------------------------------------------------------------------
                         slack                                  0.517    

Slack (MET) :             0.517ns  (arrival time - required time)
  Source:                 rst
                            (input port clocked by clk  {rise@0.000ns fall@2.500ns period=5.000ns})
  Destination:            acc_reg[0]_i_10__0/CLR
                            (removal check against rising-edge clock clk  {rise@0.000ns fall@2.500ns period=5.000ns})
  Path Group:             **async_default**
  Path Type:              Removal (Min at Fast Process Corner)
  Requirement:            0.000ns  (clk rise@0.000ns - clk rise@0.000ns)
  Data Path Delay:        0.266ns  (logic 0.000ns (0.000%)  route 0.266ns (100.000%))
  Logic Levels:           0  
  Input Delay:            0.500ns
  Clock Path Skew:        0.280ns (DCD - SCD - CPR)
    Destination Clock Delay (DCD):    0.280ns
    Source Clock Delay      (SCD):    0.000ns
    Clock Pessimism Removal (CPR):    -0.000ns
  Clock Uncertainty:      0.035ns  ((TSJ^2 + TIJ^2)^1/2 + DJ) / 2 + PE
    Total System Jitter     (TSJ):    0.071ns
    Total Input Jitter      (TIJ):    0.000ns
    Discrete Jitter          (DJ):    0.000ns
    Phase Error              (PE):    0.000ns

    Location             Delay type                Incr(ns)  Path(ns)    Netlist Resource(s)
  -------------------------------------------------------------------    -------------------
                         (clock clk rise edge)        0.000     0.000 r  
                         input delay                  0.500     0.500    
                                                      0.000     0.500 f  rst (IN)
                         net (fo=567, unset)          0.266     0.766    rst
                         FDCE                                         f  acc_reg[0]_i_10__0/CLR
  -------------------------------------------------------------------    -------------------

                         (clock clk rise edge)        0.000     0.000 r  
                                                      0.000     0.000 r  clk (IN)
                         net (fo=575, unset)          0.280     0.280    clk
                         FDCE                                         r  acc_reg[0]_i_10__0/C
                         clock pessimism              0.000     0.280    
                         clock uncertainty            0.035     0.316    
                         FDCE (Remov_fdce_C_CLR)     -0.066     0.250    acc_reg[0]_i_10__0
  -------------------------------------------------------------------
                         required time                         -0.250    
                         arrival time                           0.766    
  -------------------------------------------------------------------
                         slack                                  0.517    

Slack (MET) :             0.517ns  (arrival time - required time)
  Source:                 rst
                            (input port clocked by clk  {rise@0.000ns fall@2.500ns period=5.000ns})
  Destination:            acc_reg[0]_i_10__1/CLR
                            (removal check against rising-edge clock clk  {rise@0.000ns fall@2.500ns period=5.000ns})
  Path Group:             **async_default**
  Path Type:              Removal (Min at Fast Process Corner)
  Requirement:            0.000ns  (clk rise@0.000ns - clk rise@0.000ns)
  Data Path Delay:        0.266ns  (logic 0.000ns (0.000%)  route 0.266ns (100.000%))
  Logic Levels:           0  
  Input Delay:            0.500ns
  Clock Path Skew:        0.280ns (DCD - SCD - CPR)
    Destination Clock Delay (DCD):    0.280ns
    Source Clock Delay      (SCD):    0.000ns
    Clock Pessimism Removal (CPR):    -0.000ns
  Clock Uncertainty:      0.035ns  ((TSJ^2 + TIJ^2)^1/2 + DJ) / 2 + PE
    Total System Jitter     (TSJ):    0.071ns
    Total Input Jitter      (TIJ):    0.000ns
    Discrete Jitter          (DJ):    0.000ns
    Phase Error              (PE):    0.000ns

    Location             Delay type                Incr(ns)  Path(ns)    Netlist Resource(s)
  -------------------------------------------------------------------    -------------------
                         (clock clk rise edge)        0.000     0.000 r  
                         input delay                  0.500     0.500    
                                                      0.000     0.500 f  rst (IN)
                         net (fo=567, unset)          0.266     0.766    rst
                         FDCE                                         f  acc_reg[0]_i_10__1/CLR
  -------------------------------------------------------------------    -------------------

                         (clock clk rise edge)        0.000     0.000 r  
                                                      0.000     0.000 r  clk (IN)
                         net (fo=575, unset)          0.280     0.280    clk
                         FDCE                                         r  acc_reg[0]_i_10__1/C
                         clock pessimism              0.000     0.280    
                         clock uncertainty            0.035     0.316    
                         FDCE (Remov_fdce_C_CLR)     -0.066     0.250    acc_reg[0]_i_10__1
  -------------------------------------------------------------------
                         required time                         -0.250    
                         arrival time                           0.766    
  -------------------------------------------------------------------
                         slack                                  0.517    

Slack (MET) :             0.517ns  (arrival time - required time)
  Source:                 rst
                            (input port clocked by clk  {rise@0.000ns fall@2.500ns period=5.000ns})
  Destination:            acc_reg[0]_i_10__2/CLR
                            (removal check against rising-edge clock clk  {rise@0.000ns fall@2.500ns period=5.000ns})
  Path Group:             **async_default**
  Path Type:              Removal (Min at Fast Process Corner)
  Requirement:            0.000ns  (clk rise@0.000ns - clk rise@0.000ns)
  Data Path Delay:        0.266ns  (logic 0.000ns (0.000%)  route 0.266ns (100.000%))
  Logic Levels:           0  
  Input Delay:            0.500ns
  Clock Path Skew:        0.280ns (DCD - SCD - CPR)
    Destination Clock Delay (DCD):    0.280ns
    Source Clock Delay      (SCD):    0.000ns
    Clock Pessimism Removal (CPR):    -0.000ns
  Clock Uncertainty:      0.035ns  ((TSJ^2 + TIJ^2)^1/2 + DJ) / 2 + PE
    Total System Jitter     (TSJ):    0.071ns
    Total Input Jitter      (TIJ):    0.000ns
    Discrete Jitter          (DJ):    0.000ns
    Phase Error              (PE):    0.000ns

    Location             Delay type                Incr(ns)  Path(ns)    Netlist Resource(s)
  -------------------------------------------------------------------    -------------------
                         (clock clk rise edge)        0.000     0.000 r  
                         input delay                  0.500     0.500    
                                                      0.000     0.500 f  rst (IN)
                         net (fo=567, unset)          0.266     0.766    rst
                         FDCE                                         f  acc_reg[0]_i_10__2/CLR
  -------------------------------------------------------------------    -------------------

                         (clock clk rise edge)        0.000     0.000 r  
                                                      0.000     0.000 r  clk (IN)
                         net (fo=575, unset)          0.280     0.280    clk
                         FDCE                                         r  acc_reg[0]_i_10__2/C
                         clock pessimism              0.000     0.280    
                         clock uncertainty            0.035     0.316    
                         FDCE (Remov_fdce_C_CLR)     -0.066     0.250    acc_reg[0]_i_10__2
  -------------------------------------------------------------------
                         required time                         -0.250    
                         arrival time                           0.766    
  -------------------------------------------------------------------
                         slack                                  0.517    

Slack (MET) :             0.517ns  (arrival time - required time)
  Source:                 rst
                            (input port clocked by clk  {rise@0.000ns fall@2.500ns period=5.000ns})
  Destination:            acc_reg[0]_i_10__3/CLR
                            (removal check against rising-edge clock clk  {rise@0.000ns fall@2.500ns period=5.000ns})
  Path Group:             **async_default**
  Path Type:              Removal (Min at Fast Process Corner)
  Requirement:            0.000ns  (clk rise@0.000ns - clk rise@0.000ns)
  Data Path Delay:        0.266ns  (logic 0.000ns (0.000%)  route 0.266ns (100.000%))
  Logic Levels:           0  
  Input Delay:            0.500ns
  Clock Path Skew:        0.280ns (DCD - SCD - CPR)
    Destination Clock Delay (DCD):    0.280ns
    Source Clock Delay      (SCD):    0.000ns
    Clock Pessimism Removal (CPR):    -0.000ns
  Clock Uncertainty:      0.035ns  ((TSJ^2 + TIJ^2)^1/2 + DJ) / 2 + PE
    Total System Jitter     (TSJ):    0.071ns
    Total Input Jitter      (TIJ):    0.000ns
    Discrete Jitter          (DJ):    0.000ns
    Phase Error              (PE):    0.000ns

    Location             Delay type                Incr(ns)  Path(ns)    Netlist Resource(s)
  -------------------------------------------------------------------    -------------------
                         (clock clk rise edge)        0.000     0.000 r  
                         input delay                  0.500     0.500    
                                                      0.000     0.500 f  rst (IN)
                         net (fo=567, unset)          0.266     0.766    rst
                         FDCE                                         f  acc_reg[0]_i_10__3/CLR
  -------------------------------------------------------------------    -------------------

                         (clock clk rise edge)        0.000     0.000 r  
                                                      0.000     0.000 r  clk (IN)
                         net (fo=575, unset)          0.280     0.280    clk
                         FDCE                                         r  acc_reg[0]_i_10__3/C
                         clock pessimism              0.000     0.280    
                         clock uncertainty            0.035     0.316    
                         FDCE (Remov_fdce_C_CLR)     -0.066     0.250    acc_reg[0]_i_10__3
  -------------------------------------------------------------------
                         required time                         -0.250    
                         arrival time                           0.766    
  -------------------------------------------------------------------
                         slack                                  0.517    





