Copyright 1986-2022 Xilinx, Inc. All Rights Reserved. Copyright 2022-2023 Advanced Micro Devices, Inc. All Rights Reserved.
--------------------------------------------------------------------------------------------------------------------------------------------------------------------------------------
| Tool Version : Vivado v.2023.2 (win64) Build 4029153 Fri Oct 13 20:14:34 MDT 2023
| Date         : Fri Aug 14 22:37:14 2026
| Host         : SHANI007 running 64-bit major release  (build 9200)
| Command      : report_timing_summary -delay_type min_max -check_timing -max_paths 5 -file C:/Users/routk/Downloads/clock_gated_mac_array/vivado_synth/ir_variant/timing_summary.rpt
| Design       : pipelined_mac_zs_ir
| Device       : 7k160t-ffg676
| Speed File   : -2  PRODUCTION 1.12 2017-02-17
| Design State : Synthesized
--------------------------------------------------------------------------------------------------------------------------------------------------------------------------------------

Timing Summary Report

------------------------------------------------------------------------------------------------
| Timer Settings
| --------------
------------------------------------------------------------------------------------------------

  Enable Multi Corner Analysis               :  Yes
  Enable Pessimism Removal                   :  Yes
  Pessimism Removal Resolution               :  Nearest Common Node
  Enable Input Delay Default Clock           :  No
  Enable Preset / Clear Arcs                 :  No
  Disable Flight Delays                      :  No
  Ignore I/O Paths                           :  No
  Timing Early Launch at Borrowing Latches   :  No
  Borrow Time for Max Delay Exceptions       :  Yes
  Merge Timing Exceptions                    :  Yes
  Inter-SLR Compensation                     :  Conservative

  Corner  Analyze    Analyze    
  Name    Max Paths  Min Paths  
  ------  ---------  ---------  
  Slow    Yes        Yes        
  Fast    Yes        Yes        


------------------------------------------------------------------------------------------------
| Report Methodology
| ------------------
------------------------------------------------------------------------------------------------

No report available as report_methodology has not been run prior. Run report_methodology on the current design for the summary of methodology violations.



check_timing report

Table of Contents
-----------------
1. checking no_clock (0)
2. checking constant_clock (0)
3. checking pulse_width_clock (0)
4. checking unconstrained_internal_endpoints (0)
5. checking no_input_delay (0)
6. checking no_output_delay (0)
7. checking multiple_clock (0)
8. checking generated_clocks (0)
9. checking loops (0)
10. checking partial_input_delay (0)
11. checking partial_output_delay (0)
12. checking latch_loops (0)

1. checking no_clock (0)
------------------------
 There are 0 register/latch pins with no clock.


2. checking constant_clock (0)
------------------------------
 There are 0 register/latch pins with constant_clock.


3. checking pulse_width_clock (0)
---------------------------------
 There are 0 register/latch pins which need pulse_width check


4. checking unconstrained_internal_endpoints (0)
------------------------------------------------
 There are 0 pins that are not constrained for maximum delay.

 There are 0 pins that are not constrained for maximum delay due to constant clock.


5. checking no_input_delay (0)
------------------------------
 There are 0 input ports with no input delay specified.

 There are 0 input ports with no input delay but user has a false path constraint.


6. checking no_output_delay (0)
-------------------------------
 There are 0 ports with no output delay specified.

 There are 0 ports with no output delay but user has a false path constraint

 There are 0 ports with no output delay but with a timing clock defined on it or propagating through it


7. checking multiple_clock (0)
------------------------------
 There are 0 register/latch pins with multiple clocks.


8. checking generated_clocks (0)
--------------------------------
 There are 0 generated clocks that are not connected to a clock source.


9. checking loops (0)
---------------------
 There are 0 combinational loops in the design.


10. checking partial_input_delay (0)
------------------------------------
 There are 0 input ports with partial input delay specified.


11. checking partial_output_delay (0)
-------------------------------------
 There are 0 ports with partial output delay specified.


12. checking latch_loops (0)
----------------------------
 There are 0 combinational latch loops in the design through latch input



------------------------------------------------------------------------------------------------
| Design Timing Summary
| ---------------------
------------------------------------------------------------------------------------------------

    WNS(ns)      TNS(ns)  TNS Failing Endpoints  TNS Total Endpoints      WHS(ns)      THS(ns)  THS Failing Endpoints  THS Total Endpoints     WPWS(ns)     TPWS(ns)  TPWS Failing Endpoints  TPWS Total Endpoints  
    -------      -------  ---------------------  -------------------      -------      -------  ---------------------  -------------------     --------     --------  ----------------------  --------------------  
      1.501        0.000                      0                  280        0.187        0.000                      0                  280        2.150        0.000                       0                    75  


All user specified timing constraints are met.


------------------------------------------------------------------------------------------------
| Clock Summary
| -------------
------------------------------------------------------------------------------------------------

Clock  Waveform(ns)         Period(ns)      Frequency(MHz)
-----  ------------         ----------      --------------
clk    {0.000 2.500}        5.000           200.000         


------------------------------------------------------------------------------------------------
| Intra Clock Table
| -----------------
------------------------------------------------------------------------------------------------

Clock             WNS(ns)      TNS(ns)  TNS Failing Endpoints  TNS Total Endpoints      WHS(ns)      THS(ns)  THS Failing Endpoints  THS Total Endpoints     WPWS(ns)     TPWS(ns)  TPWS Failing Endpoints  TPWS Total Endpoints  
-----             -------      -------  ---------------------  -------------------      -------      -------  ---------------------  -------------------     --------     --------  ----------------------  --------------------  
clk                 1.501        0.000                      0                  206        0.187        0.000                      0                  206        2.150        0.000                       0                    75  


------------------------------------------------------------------------------------------------
| Inter Clock Table
| -----------------
------------------------------------------------------------------------------------------------

From Clock    To Clock          WNS(ns)      TNS(ns)  TNS Failing Endpoints  TNS Total Endpoints      WHS(ns)      THS(ns)  THS Failing Endpoints  THS Total Endpoints  
----------    --------          -------      -------  ---------------------  -------------------      -------      -------  ---------------------  -------------------  


------------------------------------------------------------------------------------------------
| Other Path Groups Table
| -----------------------
------------------------------------------------------------------------------------------------

Path Group         From Clock         To Clock               WNS(ns)      TNS(ns)  TNS Failing Endpoints  TNS Total Endpoints      WHS(ns)      THS(ns)  THS Failing Endpoints  THS Total Endpoints  
----------         ----------         --------               -------      -------  ---------------------  -------------------      -------      -------  ---------------------  -------------------  
**async_default**  clk                clk                      4.265        0.000                      0                   74        0.517        0.000                      0                   74  


------------------------------------------------------------------------------------------------
| Timing Details
| --------------
------------------------------------------------------------------------------------------------


---------------------------------------------------------------------------------------------------
From Clock:  clk
  To Clock:  clk

Setup :            0  Failing Endpoints,  Worst Slack        1.501ns,  Total Violation        0.000ns
Hold  :            0  Failing Endpoints,  Worst Slack        0.187ns,  Total Violation        0.000ns
PW    :            0  Failing Endpoints,  Worst Slack        2.150ns,  Total Violation        0.000ns
---------------------------------------------------------------------------------------------------


Max Delay Paths
--------------------------------------------------------------------------------------
Slack (MET) :             1.501ns  (required time - arrival time)
  Source:                 a_reg_reg[0]/C
                            (rising edge-triggered cell FDCE clocked by clk  {rise@0.000ns fall@2.500ns period=5.000ns})
  Destination:            mult_stage0/A[0]
                            (rising edge-triggered cell DSP48E1 clocked by clk  {rise@0.000ns fall@2.500ns period=5.000ns})
  Path Group:             clk
  Path Type:              Setup (Max at Slow Process Corner)
  Requirement:            5.000ns  (clk rise@5.000ns - clk rise@0.000ns)
  Data Path Delay:        0.699ns  (logic 0.233ns (33.350%)  route 0.466ns (66.650%))
  Logic Levels:           0  
  Clock Path Skew:        -0.027ns (DCD - SCD + CPR)
    Destination Clock Delay (DCD):    0.510ns = ( 5.510 - 5.000 ) 
    Source Clock Delay      (SCD):    0.537ns
    Clock Pessimism Removal (CPR):    0.000ns
  Clock Uncertainty:      0.035ns  ((TSJ^2 + TIJ^2)^1/2 + DJ) / 2 + PE
    Total System Jitter     (TSJ):    0.071ns
    Total Input Jitter      (TIJ):    0.000ns
    Discrete Jitter          (DJ):    0.000ns
    Phase Error              (PE):    0.000ns

    Location             Delay type                Incr(ns)  Path(ns)    Netlist Resource(s)
  -------------------------------------------------------------------    -------------------
                         (clock clk rise edge)        0.000     0.000 r  
                                                      0.000     0.000 r  clk (IN)
                         net (fo=74, unset)           0.537     0.537    clk
                         FDCE                                         r  a_reg_reg[0]/C
  -------------------------------------------------------------------    -------------------
                         FDCE (Prop_fdce_C_Q)         0.233     0.770 r  a_reg_reg[0]/Q
                         net (fo=1, unplaced)         0.466     1.236    a_reg[0]
                         DSP48E1                                      r  mult_stage0/A[0]
  -------------------------------------------------------------------    -------------------

                         (clock clk rise edge)        5.000     5.000 r  
                                                      0.000     5.000 r  clk (IN)
                         net (fo=74, unset)           0.510     5.510    clk
                         DSP48E1                                      r  mult_stage0/CLK
                         clock pessimism              0.000     5.510    
                         clock uncertainty           -0.035     5.475    
                         DSP48E1 (Setup_dsp48e1_CLK_A[0])
                                                     -2.738     2.737    mult_stage0
  -------------------------------------------------------------------
                         required time                          2.737    
                         arrival time                          -1.236    
  -------------------------------------------------------------------
                         slack                                  1.501    

Slack (MET) :             1.501ns  (required time - arrival time)
  Source:                 a_reg_reg[10]/C
                            (rising edge-triggered cell FDCE clocked by clk  {rise@0.000ns fall@2.500ns period=5.000ns})
  Destination:            mult_stage0/A[10]
                            (rising edge-triggered cell DSP48E1 clocked by clk  {rise@0.000ns fall@2.500ns period=5.000ns})
  Path Group:             clk
  Path Type:              Setup (Max at Slow Process Corner)
  Requirement:            5.000ns  (clk rise@5.000ns - clk rise@0.000ns)
  Data Path Delay:        0.699ns  (logic 0.233ns (33.350%)  route 0.466ns (66.650%))
  Logic Levels:           0  
  Clock Path Skew:        -0.027ns (DCD - SCD + CPR)
    Destination Clock Delay (DCD):    0.510ns = ( 5.510 - 5.000 ) 
    Source Clock Delay      (SCD):    0.537ns
    Clock Pessimism Removal (CPR):    0.000ns
  Clock Uncertainty:      0.035ns  ((TSJ^2 + TIJ^2)^1/2 + DJ) / 2 + PE
    Total System Jitter     (TSJ):    0.071ns
    Total Input Jitter      (TIJ):    0.000ns
    Discrete Jitter          (DJ):    0.000ns
    Phase Error              (PE):    0.000ns

    Location             Delay type                Incr(ns)  Path(ns)    Netlist Resource(s)
  -------------------------------------------------------------------    -------------------
                         (clock clk rise edge)        0.000     0.000 r  
                                                      0.000     0.000 r  clk (IN)
                         net (fo=74, unset)           0.537     0.537    clk
                         FDCE                                         r  a_reg_reg[10]/C
  -------------------------------------------------------------------    -------------------
                         FDCE (Prop_fdce_C_Q)         0.233     0.770 r  a_reg_reg[10]/Q
                         net (fo=1, unplaced)         0.466     1.236    a_reg[10]
                         DSP48E1                                      r  mult_stage0/A[10]
  -------------------------------------------------------------------    -------------------

                         (clock clk rise edge)        5.000     5.000 r  
                                                      0.000     5.000 r  clk (IN)
                         net (fo=74, unset)           0.510     5.510    clk
                         DSP48E1                                      r  mult_stage0/CLK
                         clock pessimism              0.000     5.510    
                         clock uncertainty           -0.035     5.475    
                         DSP48E1 (Setup_dsp48e1_CLK_A[10])
                                                     -2.738     2.737    mult_stage0
  -------------------------------------------------------------------
                         required time                          2.737    
                         arrival time                          -1.236    
  -------------------------------------------------------------------
                         slack                                  1.501    

Slack (MET) :             1.501ns  (required time - arrival time)
  Source:                 a_reg_reg[11]/C
                            (rising edge-triggered cell FDCE clocked by clk  {rise@0.000ns fall@2.500ns period=5.000ns})
  Destination:            mult_stage0/A[11]
                            (rising edge-triggered cell DSP48E1 clocked by clk  {rise@0.000ns fall@2.500ns period=5.000ns})
  Path Group:             clk
  Path Type:              Setup (Max at Slow Process Corner)
  Requirement:            5.000ns  (clk rise@5.000ns - clk rise@0.000ns)
  Data Path Delay:        0.699ns  (logic 0.233ns (33.350%)  route 0.466ns (66.650%))
  Logic Levels:           0  
  Clock Path Skew:        -0.027ns (DCD - SCD + CPR)
    Destination Clock Delay (DCD):    0.510ns = ( 5.510 - 5.000 ) 
    Source Clock Delay      (SCD):    0.537ns
    Clock Pessimism Removal (CPR):    0.000ns
  Clock Uncertainty:      0.035ns  ((TSJ^2 + TIJ^2)^1/2 + DJ) / 2 + PE
    Total System Jitter     (TSJ):    0.071ns
    Total Input Jitter      (TIJ):    0.000ns
    Discrete Jitter          (DJ):    0.000ns
    Phase Error              (PE):    0.000ns

    Location             Delay type                Incr(ns)  Path(ns)    Netlist Resource(s)
  -------------------------------------------------------------------    -------------------
                         (clock clk rise edge)        0.000     0.000 r  
                                                      0.000     0.000 r  clk (IN)
                         net (fo=74, unset)           0.537     0.537    clk
                         FDCE                                         r  a_reg_reg[11]/C
  -------------------------------------------------------------------    -------------------
                         FDCE (Prop_fdce_C_Q)         0.233     0.770 r  a_reg_reg[11]/Q
                         net (fo=1, unplaced)         0.466     1.236    a_reg[11]
                         DSP48E1                                      r  mult_stage0/A[11]
  -------------------------------------------------------------------    -------------------

                         (clock clk rise edge)        5.000     5.000 r  
                                                      0.000     5.000 r  clk (IN)
                         net (fo=74, unset)           0.510     5.510    clk
                         DSP48E1                                      r  mult_stage0/CLK
                         clock pessimism              0.000     5.510    
                         clock uncertainty           -0.035     5.475    
                         DSP48E1 (Setup_dsp48e1_CLK_A[11])
                                                     -2.738     2.737    mult_stage0
  -------------------------------------------------------------------
                         required time                          2.737    
                         arrival time                          -1.236    
  -------------------------------------------------------------------
                         slack                                  1.501    

Slack (MET) :             1.501ns  (required time - arrival time)
  Source:                 a_reg_reg[12]/C
                            (rising edge-triggered cell FDCE clocked by clk  {rise@0.000ns fall@2.500ns period=5.000ns})
  Destination:            mult_stage0/A[12]
                            (rising edge-triggered cell DSP48E1 clocked by clk  {rise@0.000ns fall@2.500ns period=5.000ns})
  Path Group:             clk
  Path Type:              Setup (Max at Slow Process Corner)
  Requirement:            5.000ns  (clk rise@5.000ns - clk rise@0.000ns)
  Data Path Delay:        0.699ns  (logic 0.233ns (33.350%)  route 0.466ns (66.650%))
  Logic Levels:           0  
  Clock Path Skew:        -0.027ns (DCD - SCD + CPR)
    Destination Clock Delay (DCD):    0.510ns = ( 5.510 - 5.000 ) 
    Source Clock Delay      (SCD):    0.537ns
    Clock Pessimism Removal (CPR):    0.000ns
  Clock Uncertainty:      0.035ns  ((TSJ^2 + TIJ^2)^1/2 + DJ) / 2 + PE
    Total System Jitter     (TSJ):    0.071ns
    Total Input Jitter      (TIJ):    0.000ns
    Discrete Jitter          (DJ):    0.000ns
    Phase Error              (PE):    0.000ns

    Location             Delay type                Incr(ns)  Path(ns)    Netlist Resource(s)
  -------------------------------------------------------------------    -------------------
                         (clock clk rise edge)        0.000     0.000 r  
                                                      0.000     0.000 r  clk (IN)
                         net (fo=74, unset)           0.537     0.537    clk
                         FDCE                                         r  a_reg_reg[12]/C
  -------------------------------------------------------------------    -------------------
                         FDCE (Prop_fdce_C_Q)         0.233     0.770 r  a_reg_reg[12]/Q
                         net (fo=1, unplaced)         0.466     1.236    a_reg[12]
                         DSP48E1                                      r  mult_stage0/A[12]
  -------------------------------------------------------------------    -------------------

                         (clock clk rise edge)        5.000     5.000 r  
                                                      0.000     5.000 r  clk (IN)
                         net (fo=74, unset)           0.510     5.510    clk
                         DSP48E1                                      r  mult_stage0/CLK
                         clock pessimism              0.000     5.510    
                         clock uncertainty           -0.035     5.475    
                         DSP48E1 (Setup_dsp48e1_CLK_A[12])
                                                     -2.738     2.737    mult_stage0
  -------------------------------------------------------------------
                         required time                          2.737    
                         arrival time                          -1.236    
  -------------------------------------------------------------------
                         slack                                  1.501    

Slack (MET) :             1.501ns  (required time - arrival time)
  Source:                 a_reg_reg[13]/C
                            (rising edge-triggered cell FDCE clocked by clk  {rise@0.000ns fall@2.500ns period=5.000ns})
  Destination:            mult_stage0/A[13]
                            (rising edge-triggered cell DSP48E1 clocked by clk  {rise@0.000ns fall@2.500ns period=5.000ns})
  Path Group:             clk
  Path Type:              Setup (Max at Slow Process Corner)
  Requirement:            5.000ns  (clk rise@5.000ns - clk rise@0.000ns)
  Data Path Delay:        0.699ns  (logic 0.233ns (33.350%)  route 0.466ns (66.650%))
  Logic Levels:           0  
  Clock Path Skew:        -0.027ns (DCD - SCD + CPR)
    Destination Clock Delay (DCD):    0.510ns = ( 5.510 - 5.000 ) 
    Source Clock Delay      (SCD):    0.537ns
    Clock Pessimism Removal (CPR):    0.000ns
  Clock Uncertainty:      0.035ns  ((TSJ^2 + TIJ^2)^1/2 + DJ) / 2 + PE
    Total System Jitter     (TSJ):    0.071ns
    Total Input Jitter      (TIJ):    0.000ns
    Discrete Jitter          (DJ):    0.000ns
    Phase Error              (PE):    0.000ns

    Location             Delay type                Incr(ns)  Path(ns)    Netlist Resource(s)
  -------------------------------------------------------------------    -------------------
                         (clock clk rise edge)        0.000     0.000 r  
                                                      0.000     0.000 r  clk (IN)
                         net (fo=74, unset)           0.537     0.537    clk
                         FDCE                                         r  a_reg_reg[13]/C
  -------------------------------------------------------------------    -------------------
                         FDCE (Prop_fdce_C_Q)         0.233     0.770 r  a_reg_reg[13]/Q
                         net (fo=1, unplaced)         0.466     1.236    a_reg[13]
                         DSP48E1                                      r  mult_stage0/A[13]
  -------------------------------------------------------------------    -------------------

                         (clock clk rise edge)        5.000     5.000 r  
                                                      0.000     5.000 r  clk (IN)
                         net (fo=74, unset)           0.510     5.510    clk
                         DSP48E1                                      r  mult_stage0/CLK
                         clock pessimism              0.000     5.510    
                         clock uncertainty           -0.035     5.475    
                         DSP48E1 (Setup_dsp48e1_CLK_A[13])
                                                     -2.738     2.737    mult_stage0
  -------------------------------------------------------------------
                         required time                          2.737    
                         arrival time                          -1.236    
  -------------------------------------------------------------------
                         slack                                  1.501    





Min Delay Paths
--------------------------------------------------------------------------------------
Slack (MET) :             0.187ns  (arrival time - required time)
  Source:                 valid_sr_reg[1]/C
                            (rising edge-triggered cell FDCE clocked by clk  {rise@0.000ns fall@2.500ns period=5.000ns})
  Destination:            valid_out_reg/D
                            (rising edge-triggered cell FDCE clocked by clk  {rise@0.000ns fall@2.500ns period=5.000ns})
  Path Group:             clk
  Path Type:              Hold (Min at Fast Process Corner)
  Requirement:            0.000ns  (clk rise@0.000ns - clk rise@0.000ns)
  Data Path Delay:        0.270ns  (logic 0.170ns (62.923%)  route 0.100ns (37.077%))
  Logic Levels:           1  (LUT4=1)
  Clock Path Skew:        0.014ns (DCD - SCD - CPR)
    Destination Clock Delay (DCD):    0.280ns
    Source Clock Delay      (SCD):    0.266ns
    Clock Pessimism Removal (CPR):    -0.000ns

    Location             Delay type                Incr(ns)  Path(ns)    Netlist Resource(s)
  -------------------------------------------------------------------    -------------------
                         (clock clk rise edge)        0.000     0.000 r  
                                                      0.000     0.000 r  clk (IN)
                         net (fo=74, unset)           0.266     0.266    clk
                         FDCE                                         r  valid_sr_reg[1]/C
  -------------------------------------------------------------------    -------------------
                         FDCE (Prop_fdce_C_Q)         0.104     0.370 r  valid_sr_reg[1]/Q
                         net (fo=2, unplaced)         0.100     0.470    gate_inst/gate_inst/update_out_reg[1]
                         LUT4 (Prop_lut4_I3_O)        0.066     0.536 r  gate_inst/gate_inst/valid_out_i_1/O
                         net (fo=1, unplaced)         0.000     0.536    gate_inst_n_7
                         FDCE                                         r  valid_out_reg/D
  -------------------------------------------------------------------    -------------------

                         (clock clk rise edge)        0.000     0.000 r  
                                                      0.000     0.000 r  clk (IN)
                         net (fo=74, unset)           0.280     0.280    clk
                         FDCE                                         r  valid_out_reg/C
                         clock pessimism              0.000     0.280    
                         FDCE (Hold_fdce_C_D)         0.069     0.349    valid_out_reg
  -------------------------------------------------------------------
                         required time                         -0.349    
                         arrival time                           0.536    
  -------------------------------------------------------------------
                         slack                                  0.187    

Slack (MET) :             0.198ns  (arrival time - required time)
  Source:                 acc_reg[10]/C
                            (rising edge-triggered cell FDCE clocked by clk  {rise@0.000ns fall@2.500ns period=5.000ns})
  Destination:            acc_reg[10]/D
                            (rising edge-triggered cell FDCE clocked by clk  {rise@0.000ns fall@2.500ns period=5.000ns})
  Path Group:             clk
  Path Type:              Hold (Min at Fast Process Corner)
  Requirement:            0.000ns  (clk rise@0.000ns - clk rise@0.000ns)
  Data Path Delay:        0.286ns  (logic 0.179ns (62.671%)  route 0.107ns (37.329%))
  Logic Levels:           2  (CARRY4=1 LUT3=1)
  Clock Path Skew:        0.014ns (DCD - SCD - CPR)
    Destination Clock Delay (DCD):    0.280ns
    Source Clock Delay      (SCD):    0.266ns
    Clock Pessimism Removal (CPR):    -0.000ns

    Location             Delay type                Incr(ns)  Path(ns)    Netlist Resource(s)
  -------------------------------------------------------------------    -------------------
                         (clock clk rise edge)        0.000     0.000 r  
                                                      0.000     0.000 r  clk (IN)
                         net (fo=74, unset)           0.266     0.266    clk
                         FDCE                                         r  acc_reg[10]/C
  -------------------------------------------------------------------    -------------------
                         FDCE (Prop_fdce_C_Q)         0.104     0.370 r  acc_reg[10]/Q
                         net (fo=1, unplaced)         0.107     0.477    acc[10]
                         LUT3 (Prop_lut3_I2_O)        0.028     0.505 r  acc[11]_i_7/O
                         net (fo=1, unplaced)         0.000     0.505    acc[11]_i_7_n_0
                         CARRY4 (Prop_carry4_S[2]_O[2])
                                                      0.047     0.552 r  acc_reg[11]_i_1/O[2]
                         net (fo=1, unplaced)         0.000     0.552    acc_reg[11]_i_1_n_5
                         FDCE                                         r  acc_reg[10]/D
  -------------------------------------------------------------------    -------------------

                         (clock clk rise edge)        0.000     0.000 r  
                                                      0.000     0.000 r  clk (IN)
                         net (fo=74, unset)           0.280     0.280    clk
                         FDCE                                         r  acc_reg[10]/C
                         clock pessimism              0.000     0.280    
                         FDCE (Hold_fdce_C_D)         0.074     0.354    acc_reg[10]
  -------------------------------------------------------------------
                         required time                         -0.354    
                         arrival time                           0.552    
  -------------------------------------------------------------------
                         slack                                  0.198    

Slack (MET) :             0.198ns  (arrival time - required time)
  Source:                 acc_reg[13]/C
                            (rising edge-triggered cell FDCE clocked by clk  {rise@0.000ns fall@2.500ns period=5.000ns})
  Destination:            acc_reg[13]/D
                            (rising edge-triggered cell FDCE clocked by clk  {rise@0.000ns fall@2.500ns period=5.000ns})
  Path Group:             clk
  Path Type:              Hold (Min at Fast Process Corner)
  Requirement:            0.000ns  (clk rise@0.000ns - clk rise@0.000ns)
  Data Path Delay:        0.286ns  (logic 0.179ns (62.671%)  route 0.107ns (37.329%))
  Logic Levels:           2  (CARRY4=1 LUT3=1)
  Clock Path Skew:        0.014ns (DCD - SCD - CPR)
    Destination Clock Delay (DCD):    0.280ns
    Source Clock Delay      (SCD):    0.266ns
    Clock Pessimism Removal (CPR):    -0.000ns

    Location             Delay type                Incr(ns)  Path(ns)    Netlist Resource(s)
  -------------------------------------------------------------------    -------------------
                         (clock clk rise edge)        0.000     0.000 r  
                                                      0.000     0.000 r  clk (IN)
                         net (fo=74, unset)           0.266     0.266    clk
                         FDCE                                         r  acc_reg[13]/C
  -------------------------------------------------------------------    -------------------
                         FDCE (Prop_fdce_C_Q)         0.104     0.370 r  acc_reg[13]/Q
                         net (fo=1, unplaced)         0.107     0.477    acc[13]
                         LUT3 (Prop_lut3_I2_O)        0.028     0.505 r  acc[15]_i_8/O
                         net (fo=1, unplaced)         0.000     0.505    acc[15]_i_8_n_0
                         CARRY4 (Prop_carry4_S[1]_O[1])
                                                      0.047     0.552 r  acc_reg[15]_i_1/O[1]
                         net (fo=1, unplaced)         0.000     0.552    acc_reg[15]_i_1_n_6
                         FDCE                                         r  acc_reg[13]/D
  -------------------------------------------------------------------    -------------------

                         (clock clk rise edge)        0.000     0.000 r  
                                                      0.000     0.000 r  clk (IN)
                         net (fo=74, unset)           0.280     0.280    clk
                         FDCE                                         r  acc_reg[13]/C
                         clock pessimism              0.000     0.280    
                         FDCE (Hold_fdce_C_D)         0.074     0.354    acc_reg[13]
  -------------------------------------------------------------------
                         required time                         -0.354    
                         arrival time                           0.552    
  -------------------------------------------------------------------
                         slack                                  0.198    

Slack (MET) :             0.198ns  (arrival time - required time)
  Source:                 acc_reg[14]/C
                            (rising edge-triggered cell FDCE clocked by clk  {rise@0.000ns fall@2.500ns period=5.000ns})
  Destination:            acc_reg[14]/D
                            (rising edge-triggered cell FDCE clocked by clk  {rise@0.000ns fall@2.500ns period=5.000ns})
  Path Group:             clk
  Path Type:              Hold (Min at Fast Process Corner)
  Requirement:            0.000ns  (clk rise@0.000ns - clk rise@0.000ns)
  Data Path Delay:        0.286ns  (logic 0.179ns (62.671%)  route 0.107ns (37.329%))
  Logic Levels:           2  (CARRY4=1 LUT3=1)
  Clock Path Skew:        0.014ns (DCD - SCD - CPR)
    Destination Clock Delay (DCD):    0.280ns
    Source Clock Delay      (SCD):    0.266ns
    Clock Pessimism Removal (CPR):    -0.000ns

    Location             Delay type                Incr(ns)  Path(ns)    Netlist Resource(s)
  -------------------------------------------------------------------    -------------------
                         (clock clk rise edge)        0.000     0.000 r  
                                                      0.000     0.000 r  clk (IN)
                         net (fo=74, unset)           0.266     0.266    clk
                         FDCE                                         r  acc_reg[14]/C
  -------------------------------------------------------------------    -------------------
                         FDCE (Prop_fdce_C_Q)         0.104     0.370 r  acc_reg[14]/Q
                         net (fo=1, unplaced)         0.107     0.477    acc[14]
                         LUT3 (Prop_lut3_I2_O)        0.028     0.505 r  acc[15]_i_7/O
                         net (fo=1, unplaced)         0.000     0.505    acc[15]_i_7_n_0
                         CARRY4 (Prop_carry4_S[2]_O[2])
                                                      0.047     0.552 r  acc_reg[15]_i_1/O[2]
                         net (fo=1, unplaced)         0.000     0.552    acc_reg[15]_i_1_n_5
                         FDCE                                         r  acc_reg[14]/D
  -------------------------------------------------------------------    -------------------

                         (clock clk rise edge)        0.000     0.000 r  
                                                      0.000     0.000 r  clk (IN)
                         net (fo=74, unset)           0.280     0.280    clk
                         FDCE                                         r  acc_reg[14]/C
                         clock pessimism              0.000     0.280    
                         FDCE (Hold_fdce_C_D)         0.074     0.354    acc_reg[14]
  -------------------------------------------------------------------
                         required time                         -0.354    
                         arrival time                           0.552    
  -------------------------------------------------------------------
                         slack                                  0.198    

Slack (MET) :             0.198ns  (arrival time - required time)
  Source:                 acc_reg[17]/C
                            (rising edge-triggered cell FDCE clocked by clk  {rise@0.000ns fall@2.500ns period=5.000ns})
  Destination:            acc_reg[17]/D
                            (rising edge-triggered cell FDCE clocked by clk  {rise@0.000ns fall@2.500ns period=5.000ns})
  Path Group:             clk
  Path Type:              Hold (Min at Fast Process Corner)
  Requirement:            0.000ns  (clk rise@0.000ns - clk rise@0.000ns)
  Data Path Delay:        0.286ns  (logic 0.179ns (62.671%)  route 0.107ns (37.329%))
  Logic Levels:           2  (CARRY4=1 LUT3=1)
  Clock Path Skew:        0.014ns (DCD - SCD - CPR)
    Destination Clock Delay (DCD):    0.280ns
    Source Clock Delay      (SCD):    0.266ns
    Clock Pessimism Removal (CPR):    -0.000ns

    Location             Delay type                Incr(ns)  Path(ns)    Netlist Resource(s)
  -------------------------------------------------------------------    -------------------
                         (clock clk rise edge)        0.000     0.000 r  
                                                      0.000     0.000 r  clk (IN)
                         net (fo=74, unset)           0.266     0.266    clk
                         FDCE                                         r  acc_reg[17]/C
  -------------------------------------------------------------------    -------------------
                         FDCE (Prop_fdce_C_Q)         0.104     0.370 r  acc_reg[17]/Q
                         net (fo=1, unplaced)         0.107     0.477    acc[17]
                         LUT3 (Prop_lut3_I2_O)        0.028     0.505 r  acc[19]_i_8/O
                         net (fo=1, unplaced)         0.000     0.505    acc[19]_i_8_n_0
                         CARRY4 (Prop_carry4_S[1]_O[1])
                                                      0.047     0.552 r  acc_reg[19]_i_1/O[1]
                         net (fo=1, unplaced)         0.000     0.552    acc_reg[19]_i_1_n_6
                         FDCE                                         r  acc_reg[17]/D
  -------------------------------------------------------------------    -------------------

                         (clock clk rise edge)        0.000     0.000 r  
                                                      0.000     0.000 r  clk (IN)
                         net (fo=74, unset)           0.280     0.280    clk
                         FDCE                                         r  acc_reg[17]/C
                         clock pessimism              0.000     0.280    
                         FDCE (Hold_fdce_C_D)         0.074     0.354    acc_reg[17]
  -------------------------------------------------------------------
                         required time                         -0.354    
                         arrival time                           0.552    
  -------------------------------------------------------------------
                         slack                                  0.198    





Pulse Width Checks
--------------------------------------------------------------------------------------
Clock Name:         clk
Waveform(ns):       { 0.000 2.500 }
Period(ns):         5.000
Sources:            { clk }

Check Type        Corner  Lib Pin      Reference Pin  Required(ns)  Actual(ns)  Slack(ns)  Location  Pin
Min Period        n/a     DSP48E1/CLK  n/a            1.538         5.000       3.462                mult_stage0/CLK
Min Period        n/a     FDCE/C       n/a            0.700         5.000       4.300                a_reg_reg[0]/C
Min Period        n/a     FDCE/C       n/a            0.700         5.000       4.300                a_reg_reg[10]/C
Min Period        n/a     FDCE/C       n/a            0.700         5.000       4.300                a_reg_reg[11]/C
Min Period        n/a     FDCE/C       n/a            0.700         5.000       4.300                a_reg_reg[12]/C
Low Pulse Width   Slow    FDCE/C       n/a            0.350         2.500       2.150                a_reg_reg[0]/C
Low Pulse Width   Fast    FDCE/C       n/a            0.350         2.500       2.150                a_reg_reg[0]/C
Low Pulse Width   Slow    FDCE/C       n/a            0.350         2.500       2.150                a_reg_reg[10]/C
Low Pulse Width   Fast    FDCE/C       n/a            0.350         2.500       2.150                a_reg_reg[10]/C
Low Pulse Width   Slow    FDCE/C       n/a            0.350         2.500       2.150                a_reg_reg[11]/C
High Pulse Width  Slow    FDCE/C       n/a            0.350         2.500       2.150                a_reg_reg[0]/C
High Pulse Width  Fast    FDCE/C       n/a            0.350         2.500       2.150                a_reg_reg[0]/C
High Pulse Width  Slow    FDCE/C       n/a            0.350         2.500       2.150                a_reg_reg[10]/C
High Pulse Width  Fast    FDCE/C       n/a            0.350         2.500       2.150                a_reg_reg[10]/C
High Pulse Width  Slow    FDCE/C       n/a            0.350         2.500       2.150                a_reg_reg[11]/C



---------------------------------------------------------------------------------------------------
Path Group:  **async_default**
From Clock:  clk
  To Clock:  clk

Setup :            0  Failing Endpoints,  Worst Slack        4.265ns,  Total Violation        0.000ns
Hold  :            0  Failing Endpoints,  Worst Slack        0.517ns,  Total Violation        0.000ns
---------------------------------------------------------------------------------------------------


Max Delay Paths
--------------------------------------------------------------------------------------
Slack (MET) :             4.265ns  (required time - arrival time)
  Source:                 rst
                            (input port clocked by clk  {rise@0.000ns fall@2.500ns period=5.000ns})
  Destination:            a_reg_reg[0]/CLR
                            (recovery check against rising-edge clock clk  {rise@0.000ns fall@2.500ns period=5.000ns})
  Path Group:             **async_default**
  Path Type:              Recovery (Max at Slow Process Corner)
  Requirement:            5.000ns  (clk rise@5.000ns - clk rise@0.000ns)
  Data Path Delay:        0.537ns  (logic 0.000ns (0.000%)  route 0.537ns (100.000%))
  Logic Levels:           0  
  Input Delay:            0.500ns
  Clock Path Skew:        0.510ns (DCD - SCD + CPR)
    Destination Clock Delay (DCD):    0.510ns = ( 5.510 - 5.000 ) 
    Source Clock Delay      (SCD):    0.000ns
    Clock Pessimism Removal (CPR):    0.000ns
  Clock Uncertainty:      0.035ns  ((TSJ^2 + TIJ^2)^1/2 + DJ) / 2 + PE
    Total System Jitter     (TSJ):    0.071ns
    Total Input Jitter      (TIJ):    0.000ns
    Discrete Jitter          (DJ):    0.000ns
    Phase Error              (PE):    0.000ns

    Location             Delay type                Incr(ns)  Path(ns)    Netlist Resource(s)
  -------------------------------------------------------------------    -------------------
                         (clock clk rise edge)        0.000     0.000 r  
                         input delay                  0.500     0.500    
                                                      0.000     0.500 f  rst (IN)
                         net (fo=73, unset)           0.537     1.037    rst
                         FDCE                                         f  a_reg_reg[0]/CLR
  -------------------------------------------------------------------    -------------------

                         (clock clk rise edge)        5.000     5.000 r  
                                                      0.000     5.000 r  clk (IN)
                         net (fo=74, unset)           0.510     5.510    clk
                         FDCE                                         r  a_reg_reg[0]/C
                         clock pessimism              0.000     5.510    
                         clock uncertainty           -0.035     5.475    
                         FDCE (Recov_fdce_C_CLR)     -0.173     5.302    a_reg_reg[0]
  -------------------------------------------------------------------
                         required time                          5.302    
                         arrival time                          -1.037    
  -------------------------------------------------------------------
                         slack                                  4.265    

Slack (MET) :             4.265ns  (required time - arrival time)
  Source:                 rst
                            (input port clocked by clk  {rise@0.000ns fall@2.500ns period=5.000ns})
  Destination:            a_reg_reg[10]/CLR
                            (recovery check against rising-edge clock clk  {rise@0.000ns fall@2.500ns period=5.000ns})
  Path Group:             **async_default**
  Path Type:              Recovery (Max at Slow Process Corner)
  Requirement:            5.000ns  (clk rise@5.000ns - clk rise@0.000ns)
  Data Path Delay:        0.537ns  (logic 0.000ns (0.000%)  route 0.537ns (100.000%))
  Logic Levels:           0  
  Input Delay:            0.500ns
  Clock Path Skew:        0.510ns (DCD - SCD + CPR)
    Destination Clock Delay (DCD):    0.510ns = ( 5.510 - 5.000 ) 
    Source Clock Delay      (SCD):    0.000ns
    Clock Pessimism Removal (CPR):    0.000ns
  Clock Uncertainty:      0.035ns  ((TSJ^2 + TIJ^2)^1/2 + DJ) / 2 + PE
    Total System Jitter     (TSJ):    0.071ns
    Total Input Jitter      (TIJ):    0.000ns
    Discrete Jitter          (DJ):    0.000ns
    Phase Error              (PE):    0.000ns

    Location             Delay type                Incr(ns)  Path(ns)    Netlist Resource(s)
  -------------------------------------------------------------------    -------------------
                         (clock clk rise edge)        0.000     0.000 r  
                         input delay                  0.500     0.500    
                                                      0.000     0.500 f  rst (IN)
                         net (fo=73, unset)           0.537     1.037    rst
                         FDCE                                         f  a_reg_reg[10]/CLR
  -------------------------------------------------------------------    -------------------

                         (clock clk rise edge)        5.000     5.000 r  
                                                      0.000     5.000 r  clk (IN)
                         net (fo=74, unset)           0.510     5.510    clk
                         FDCE                                         r  a_reg_reg[10]/C
                         clock pessimism              0.000     5.510    
                         clock uncertainty           -0.035     5.475    
                         FDCE (Recov_fdce_C_CLR)     -0.173     5.302    a_reg_reg[10]
  -------------------------------------------------------------------
                         required time                          5.302    
                         arrival time                          -1.037    
  -------------------------------------------------------------------
                         slack                                  4.265    

Slack (MET) :             4.265ns  (required time - arrival time)
  Source:                 rst
                            (input port clocked by clk  {rise@0.000ns fall@2.500ns period=5.000ns})
  Destination:            a_reg_reg[11]/CLR
                            (recovery check against rising-edge clock clk  {rise@0.000ns fall@2.500ns period=5.000ns})
  Path Group:             **async_default**
  Path Type:              Recovery (Max at Slow Process Corner)
  Requirement:            5.000ns  (clk rise@5.000ns - clk rise@0.000ns)
  Data Path Delay:        0.537ns  (logic 0.000ns (0.000%)  route 0.537ns (100.000%))
  Logic Levels:           0  
  Input Delay:            0.500ns
  Clock Path Skew:        0.510ns (DCD - SCD + CPR)
    Destination Clock Delay (DCD):    0.510ns = ( 5.510 - 5.000 ) 
    Source Clock Delay      (SCD):    0.000ns
    Clock Pessimism Removal (CPR):    0.000ns
  Clock Uncertainty:      0.035ns  ((TSJ^2 + TIJ^2)^1/2 + DJ) / 2 + PE
    Total System Jitter     (TSJ):    0.071ns
    Total Input Jitter      (TIJ):    0.000ns
    Discrete Jitter          (DJ):    0.000ns
    Phase Error              (PE):    0.000ns

    Location             Delay type                Incr(ns)  Path(ns)    Netlist Resource(s)
  -------------------------------------------------------------------    -------------------
                         (clock clk rise edge)        0.000     0.000 r  
                         input delay                  0.500     0.500    
                                                      0.000     0.500 f  rst (IN)
                         net (fo=73, unset)           0.537     1.037    rst
                         FDCE                                         f  a_reg_reg[11]/CLR
  -------------------------------------------------------------------    -------------------

                         (clock clk rise edge)        5.000     5.000 r  
                                                      0.000     5.000 r  clk (IN)
                         net (fo=74, unset)           0.510     5.510    clk
                         FDCE                                         r  a_reg_reg[11]/C
                         clock pessimism              0.000     5.510    
                         clock uncertainty           -0.035     5.475    
                         FDCE (Recov_fdce_C_CLR)     -0.173     5.302    a_reg_reg[11]
  -------------------------------------------------------------------
                         required time                          5.302    
                         arrival time                          -1.037    
  -------------------------------------------------------------------
                         slack                                  4.265    

Slack (MET) :             4.265ns  (required time - arrival time)
  Source:                 rst
                            (input port clocked by clk  {rise@0.000ns fall@2.500ns period=5.000ns})
  Destination:            a_reg_reg[12]/CLR
                            (recovery check against rising-edge clock clk  {rise@0.000ns fall@2.500ns period=5.000ns})
  Path Group:             **async_default**
  Path Type:              Recovery (Max at Slow Process Corner)
  Requirement:            5.000ns  (clk rise@5.000ns - clk rise@0.000ns)
  Data Path Delay:        0.537ns  (logic 0.000ns (0.000%)  route 0.537ns (100.000%))
  Logic Levels:           0  
  Input Delay:            0.500ns
  Clock Path Skew:        0.510ns (DCD - SCD + CPR)
    Destination Clock Delay (DCD):    0.510ns = ( 5.510 - 5.000 ) 
    Source Clock Delay      (SCD):    0.000ns
    Clock Pessimism Removal (CPR):    0.000ns
  Clock Uncertainty:      0.035ns  ((TSJ^2 + TIJ^2)^1/2 + DJ) / 2 + PE
    Total System Jitter     (TSJ):    0.071ns
    Total Input Jitter      (TIJ):    0.000ns
    Discrete Jitter          (DJ):    0.000ns
    Phase Error              (PE):    0.000ns

    Location             Delay type                Incr(ns)  Path(ns)    Netlist Resource(s)
  -------------------------------------------------------------------    -------------------
                         (clock clk rise edge)        0.000     0.000 r  
                         input delay                  0.500     0.500    
                                                      0.000     0.500 f  rst (IN)
                         net (fo=73, unset)           0.537     1.037    rst
                         FDCE                                         f  a_reg_reg[12]/CLR
  -------------------------------------------------------------------    -------------------

                         (clock clk rise edge)        5.000     5.000 r  
                                                      0.000     5.000 r  clk (IN)
                         net (fo=74, unset)           0.510     5.510    clk
                         FDCE                                         r  a_reg_reg[12]/C
                         clock pessimism              0.000     5.510    
                         clock uncertainty           -0.035     5.475    
                         FDCE (Recov_fdce_C_CLR)     -0.173     5.302    a_reg_reg[12]
  -------------------------------------------------------------------
                         required time                          5.302    
                         arrival time                          -1.037    
  -------------------------------------------------------------------
                         slack                                  4.265    

Slack (MET) :             4.265ns  (required time - arrival time)
  Source:                 rst
                            (input port clocked by clk  {rise@0.000ns fall@2.500ns period=5.000ns})
  Destination:            a_reg_reg[13]/CLR
                            (recovery check against rising-edge clock clk  {rise@0.000ns fall@2.500ns period=5.000ns})
  Path Group:             **async_default**
  Path Type:              Recovery (Max at Slow Process Corner)
  Requirement:            5.000ns  (clk rise@5.000ns - clk rise@0.000ns)
  Data Path Delay:        0.537ns  (logic 0.000ns (0.000%)  route 0.537ns (100.000%))
  Logic Levels:           0  
  Input Delay:            0.500ns
  Clock Path Skew:        0.510ns (DCD - SCD + CPR)
    Destination Clock Delay (DCD):    0.510ns = ( 5.510 - 5.000 ) 
    Source Clock Delay      (SCD):    0.000ns
    Clock Pessimism Removal (CPR):    0.000ns
  Clock Uncertainty:      0.035ns  ((TSJ^2 + TIJ^2)^1/2 + DJ) / 2 + PE
    Total System Jitter     (TSJ):    0.071ns
    Total Input Jitter      (TIJ):    0.000ns
    Discrete Jitter          (DJ):    0.000ns
    Phase Error              (PE):    0.000ns

    Location             Delay type                Incr(ns)  Path(ns)    Netlist Resource(s)
  -------------------------------------------------------------------    -------------------
                         (clock clk rise edge)        0.000     0.000 r  
                         input delay                  0.500     0.500    
                                                      0.000     0.500 f  rst (IN)
                         net (fo=73, unset)           0.537     1.037    rst
                         FDCE                                         f  a_reg_reg[13]/CLR
  -------------------------------------------------------------------    -------------------

                         (clock clk rise edge)        5.000     5.000 r  
                                                      0.000     5.000 r  clk (IN)
                         net (fo=74, unset)           0.510     5.510    clk
                         FDCE                                         r  a_reg_reg[13]/C
                         clock pessimism              0.000     5.510    
                         clock uncertainty           -0.035     5.475    
                         FDCE (Recov_fdce_C_CLR)     -0.173     5.302    a_reg_reg[13]
  -------------------------------------------------------------------
                         required time                          5.302    
                         arrival time                          -1.037    
  -------------------------------------------------------------------
                         slack                                  4.265    





Min Delay Paths
--------------------------------------------------------------------------------------
Slack (MET) :             0.517ns  (arrival time - required time)
  Source:                 rst
                            (input port clocked by clk  {rise@0.000ns fall@2.500ns period=5.000ns})
  Destination:            a_reg_reg[0]/CLR
                            (removal check against rising-edge clock clk  {rise@0.000ns fall@2.500ns period=5.000ns})
  Path Group:             **async_default**
  Path Type:              Removal (Min at Fast Process Corner)
  Requirement:            0.000ns  (clk rise@0.000ns - clk rise@0.000ns)
  Data Path Delay:        0.266ns  (logic 0.000ns (0.000%)  route 0.266ns (100.000%))
  Logic Levels:           0  
  Input Delay:            0.500ns
  Clock Path Skew:        0.280ns (DCD - SCD - CPR)
    Destination Clock Delay (DCD):    0.280ns
    Source Clock Delay      (SCD):    0.000ns
    Clock Pessimism Removal (CPR):    -0.000ns
  Clock Uncertainty:      0.035ns  ((TSJ^2 + TIJ^2)^1/2 + DJ) / 2 + PE
    Total System Jitter     (TSJ):    0.071ns
    Total Input Jitter      (TIJ):    0.000ns
    Discrete Jitter          (DJ):    0.000ns
    Phase Error              (PE):    0.000ns

    Location             Delay type                Incr(ns)  Path(ns)    Netlist Resource(s)
  -------------------------------------------------------------------    -------------------
                         (clock clk rise edge)        0.000     0.000 r  
                         input delay                  0.500     0.500    
                                                      0.000     0.500 f  rst (IN)
                         net (fo=73, unset)           0.266     0.766    rst
                         FDCE                                         f  a_reg_reg[0]/CLR
  -------------------------------------------------------------------    -------------------

                         (clock clk rise edge)        0.000     0.000 r  
                                                      0.000     0.000 r  clk (IN)
                         net (fo=74, unset)           0.280     0.280    clk
                         FDCE                                         r  a_reg_reg[0]/C
                         clock pessimism              0.000     0.280    
                         clock uncertainty            0.035     0.316    
                         FDCE (Remov_fdce_C_CLR)     -0.066     0.250    a_reg_reg[0]
  -------------------------------------------------------------------
                         required time                         -0.250    
                         arrival time                           0.766    
  -------------------------------------------------------------------
                         slack                                  0.517    

Slack (MET) :             0.517ns  (arrival time - required time)
  Source:                 rst
                            (input port clocked by clk  {rise@0.000ns fall@2.500ns period=5.000ns})
  Destination:            a_reg_reg[10]/CLR
                            (removal check against rising-edge clock clk  {rise@0.000ns fall@2.500ns period=5.000ns})
  Path Group:             **async_default**
  Path Type:              Removal (Min at Fast Process Corner)
  Requirement:            0.000ns  (clk rise@0.000ns - clk rise@0.000ns)
  Data Path Delay:        0.266ns  (logic 0.000ns (0.000%)  route 0.266ns (100.000%))
  Logic Levels:           0  
  Input Delay:            0.500ns
  Clock Path Skew:        0.280ns (DCD - SCD - CPR)
    Destination Clock Delay (DCD):    0.280ns
    Source Clock Delay      (SCD):    0.000ns
    Clock Pessimism Removal (CPR):    -0.000ns
  Clock Uncertainty:      0.035ns  ((TSJ^2 + TIJ^2)^1/2 + DJ) / 2 + PE
    Total System Jitter     (TSJ):    0.071ns
    Total Input Jitter      (TIJ):    0.000ns
    Discrete Jitter          (DJ):    0.000ns
    Phase Error              (PE):    0.000ns

    Location             Delay type                Incr(ns)  Path(ns)    Netlist Resource(s)
  -------------------------------------------------------------------    -------------------
                         (clock clk rise edge)        0.000     0.000 r  
                         input delay                  0.500     0.500    
                                                      0.000     0.500 f  rst (IN)
                         net (fo=73, unset)           0.266     0.766    rst
                         FDCE                                         f  a_reg_reg[10]/CLR
  -------------------------------------------------------------------    -------------------

                         (clock clk rise edge)        0.000     0.000 r  
                                                      0.000     0.000 r  clk (IN)
                         net (fo=74, unset)           0.280     0.280    clk
                         FDCE                                         r  a_reg_reg[10]/C
                         clock pessimism              0.000     0.280    
                         clock uncertainty            0.035     0.316    
                         FDCE (Remov_fdce_C_CLR)     -0.066     0.250    a_reg_reg[10]
  -------------------------------------------------------------------
                         required time                         -0.250    
                         arrival time                           0.766    
  -------------------------------------------------------------------
                         slack                                  0.517    

Slack (MET) :             0.517ns  (arrival time - required time)
  Source:                 rst
                            (input port clocked by clk  {rise@0.000ns fall@2.500ns period=5.000ns})
  Destination:            a_reg_reg[11]/CLR
                            (removal check against rising-edge clock clk  {rise@0.000ns fall@2.500ns period=5.000ns})
  Path Group:             **async_default**
  Path Type:              Removal (Min at Fast Process Corner)
  Requirement:            0.000ns  (clk rise@0.000ns - clk rise@0.000ns)
  Data Path Delay:        0.266ns  (logic 0.000ns (0.000%)  route 0.266ns (100.000%))
  Logic Levels:           0  
  Input Delay:            0.500ns
  Clock Path Skew:        0.280ns (DCD - SCD - CPR)
    Destination Clock Delay (DCD):    0.280ns
    Source Clock Delay      (SCD):    0.000ns
    Clock Pessimism Removal (CPR):    -0.000ns
  Clock Uncertainty:      0.035ns  ((TSJ^2 + TIJ^2)^1/2 + DJ) / 2 + PE
    Total System Jitter     (TSJ):    0.071ns
    Total Input Jitter      (TIJ):    0.000ns
    Discrete Jitter          (DJ):    0.000ns
    Phase Error              (PE):    0.000ns

    Location             Delay type                Incr(ns)  Path(ns)    Netlist Resource(s)
  -------------------------------------------------------------------    -------------------
                         (clock clk rise edge)        0.000     0.000 r  
                         input delay                  0.500     0.500    
                                                      0.000     0.500 f  rst (IN)
                         net (fo=73, unset)           0.266     0.766    rst
                         FDCE                                         f  a_reg_reg[11]/CLR
  -------------------------------------------------------------------    -------------------

                         (clock clk rise edge)        0.000     0.000 r  
                                                      0.000     0.000 r  clk (IN)
                         net (fo=74, unset)           0.280     0.280    clk
                         FDCE                                         r  a_reg_reg[11]/C
                         clock pessimism              0.000     0.280    
                         clock uncertainty            0.035     0.316    
                         FDCE (Remov_fdce_C_CLR)     -0.066     0.250    a_reg_reg[11]
  -------------------------------------------------------------------
                         required time                         -0.250    
                         arrival time                           0.766    
  -------------------------------------------------------------------
                         slack                                  0.517    

Slack (MET) :             0.517ns  (arrival time - required time)
  Source:                 rst
                            (input port clocked by clk  {rise@0.000ns fall@2.500ns period=5.000ns})
  Destination:            a_reg_reg[12]/CLR
                            (removal check against rising-edge clock clk  {rise@0.000ns fall@2.500ns period=5.000ns})
  Path Group:             **async_default**
  Path Type:              Removal (Min at Fast Process Corner)
  Requirement:            0.000ns  (clk rise@0.000ns - clk rise@0.000ns)
  Data Path Delay:        0.266ns  (logic 0.000ns (0.000%)  route 0.266ns (100.000%))
  Logic Levels:           0  
  Input Delay:            0.500ns
  Clock Path Skew:        0.280ns (DCD - SCD - CPR)
    Destination Clock Delay (DCD):    0.280ns
    Source Clock Delay      (SCD):    0.000ns
    Clock Pessimism Removal (CPR):    -0.000ns
  Clock Uncertainty:      0.035ns  ((TSJ^2 + TIJ^2)^1/2 + DJ) / 2 + PE
    Total System Jitter     (TSJ):    0.071ns
    Total Input Jitter      (TIJ):    0.000ns
    Discrete Jitter          (DJ):    0.000ns
    Phase Error              (PE):    0.000ns

    Location             Delay type                Incr(ns)  Path(ns)    Netlist Resource(s)
  -------------------------------------------------------------------    -------------------
                         (clock clk rise edge)        0.000     0.000 r  
                         input delay                  0.500     0.500    
                                                      0.000     0.500 f  rst (IN)
                         net (fo=73, unset)           0.266     0.766    rst
                         FDCE                                         f  a_reg_reg[12]/CLR
  -------------------------------------------------------------------    -------------------

                         (clock clk rise edge)        0.000     0.000 r  
                                                      0.000     0.000 r  clk (IN)
                         net (fo=74, unset)           0.280     0.280    clk
                         FDCE                                         r  a_reg_reg[12]/C
                         clock pessimism              0.000     0.280    
                         clock uncertainty            0.035     0.316    
                         FDCE (Remov_fdce_C_CLR)     -0.066     0.250    a_reg_reg[12]
  -------------------------------------------------------------------
                         required time                         -0.250    
                         arrival time                           0.766    
  -------------------------------------------------------------------
                         slack                                  0.517    

Slack (MET) :             0.517ns  (arrival time - required time)
  Source:                 rst
                            (input port clocked by clk  {rise@0.000ns fall@2.500ns period=5.000ns})
  Destination:            a_reg_reg[13]/CLR
                            (removal check against rising-edge clock clk  {rise@0.000ns fall@2.500ns period=5.000ns})
  Path Group:             **async_default**
  Path Type:              Removal (Min at Fast Process Corner)
  Requirement:            0.000ns  (clk rise@0.000ns - clk rise@0.000ns)
  Data Path Delay:        0.266ns  (logic 0.000ns (0.000%)  route 0.266ns (100.000%))
  Logic Levels:           0  
  Input Delay:            0.500ns
  Clock Path Skew:        0.280ns (DCD - SCD - CPR)
    Destination Clock Delay (DCD):    0.280ns
    Source Clock Delay      (SCD):    0.000ns
    Clock Pessimism Removal (CPR):    -0.000ns
  Clock Uncertainty:      0.035ns  ((TSJ^2 + TIJ^2)^1/2 + DJ) / 2 + PE
    Total System Jitter     (TSJ):    0.071ns
    Total Input Jitter      (TIJ):    0.000ns
    Discrete Jitter          (DJ):    0.000ns
    Phase Error              (PE):    0.000ns

    Location             Delay type                Incr(ns)  Path(ns)    Netlist Resource(s)
  -------------------------------------------------------------------    -------------------
                         (clock clk rise edge)        0.000     0.000 r  
                         input delay                  0.500     0.500    
                                                      0.000     0.500 f  rst (IN)
                         net (fo=73, unset)           0.266     0.766    rst
                         FDCE                                         f  a_reg_reg[13]/CLR
  -------------------------------------------------------------------    -------------------

                         (clock clk rise edge)        0.000     0.000 r  
                                                      0.000     0.000 r  clk (IN)
                         net (fo=74, unset)           0.280     0.280    clk
                         FDCE                                         r  a_reg_reg[13]/C
                         clock pessimism              0.000     0.280    
                         clock uncertainty            0.035     0.316    
                         FDCE (Remov_fdce_C_CLR)     -0.066     0.250    a_reg_reg[13]
  -------------------------------------------------------------------
                         required time                         -0.250    
                         arrival time                           0.766    
  -------------------------------------------------------------------
                         slack                                  0.517    





