Copyright 1986-2022 Xilinx, Inc. All Rights Reserved. Copyright 2022-2023 Advanced Micro Devices, Inc. All Rights Reserved.
-----------------------------------------------------------------------------------------------------------------------------------------------
| Tool Version : Vivado v.2023.2 (win64) Build 4029153 Fri Oct 13 20:14:34 MDT 2023
| Date         : Fri Aug 14 22:37:14 2026
| Host         : SHANI007 running 64-bit major release  (build 9200)
| Command      : report_utilization -hierarchical -file C:/Users/routk/Downloads/clock_gated_mac_array/vivado_synth/ir_variant/utilization.rpt
| Design       : pipelined_mac_zs_ir
| Device       : xc7k160tffg676-2
| Speed File   : -2
| Design State : Synthesized
-----------------------------------------------------------------------------------------------------------------------------------------------

Utilization Design Information

Table of Contents
-----------------
1. Utilization by Hierarchy

1. Utilization by Hierarchy
---------------------------

+-------------------------+-----------------------+------------+------------+---------+------+-----+--------+--------+------------+
|         Instance        |         Module        | Total LUTs | Logic LUTs | LUTRAMs | SRLs | FFs | RAMB36 | RAMB18 | DSP Blocks |
+-------------------------+-----------------------+------------+------------+---------+------+-----+--------+--------+------------+
| pipelined_mac_zs_ir     |                 (top) |         48 |         48 |       0 |    0 |  74 |      0 |      0 |          1 |
|   (pipelined_mac_zs_ir) |                 (top) |         33 |         33 |       0 |    0 |  71 |      0 |      0 |          1 |
|   gate_inst             |        zero_skip_gate |         15 |         15 |       0 |    0 |   3 |      0 |      0 |          0 |
|     gate_inst           | completion_aware_gate |         15 |         15 |       0 |    0 |   3 |      0 |      0 |          0 |
+-------------------------+-----------------------+------------+------------+---------+------+-----+--------+--------+------------+


